Archive member included to satisfy reference by file (symbol)

c:/intelfpga/18.1/nios2eds/bin/gnu/h-x86_64-mingw32/bin/../lib/gcc/nios2-elf/5.3.0/../../../../../H-x86_64-mingw32/nios2-elf/lib\libc.a(lib_a-printf.o)
                              obj/default/hello_world.o (printf)
c:/intelfpga/18.1/nios2eds/bin/gnu/h-x86_64-mingw32/bin/../lib/gcc/nios2-elf/5.3.0/../../../../../H-x86_64-mingw32/nios2-elf/lib\libc.a(lib_a-vfprintf.o)
                              c:/intelfpga/18.1/nios2eds/bin/gnu/h-x86_64-mingw32/bin/../lib/gcc/nios2-elf/5.3.0/../../../../../H-x86_64-mingw32/nios2-elf/lib\libc.a(lib_a-printf.o) (___vfprintf_internal_r)
c:/intelfpga/18.1/nios2eds/bin/gnu/h-x86_64-mingw32/bin/../lib/gcc/nios2-elf/5.3.0/../../../../../H-x86_64-mingw32/nios2-elf/lib\libc.a(lib_a-wsetup.o)
                              c:/intelfpga/18.1/nios2eds/bin/gnu/h-x86_64-mingw32/bin/../lib/gcc/nios2-elf/5.3.0/../../../../../H-x86_64-mingw32/nios2-elf/lib\libc.a(lib_a-vfprintf.o) (__swsetup_r)
c:/intelfpga/18.1/nios2eds/bin/gnu/h-x86_64-mingw32/bin/../lib/gcc/nios2-elf/5.3.0/../../../../../H-x86_64-mingw32/nios2-elf/lib\libc.a(lib_a-dtoa.o)
                              c:/intelfpga/18.1/nios2eds/bin/gnu/h-x86_64-mingw32/bin/../lib/gcc/nios2-elf/5.3.0/../../../../../H-x86_64-mingw32/nios2-elf/lib\libc.a(lib_a-vfprintf.o) (_dtoa_r)
c:/intelfpga/18.1/nios2eds/bin/gnu/h-x86_64-mingw32/bin/../lib/gcc/nios2-elf/5.3.0/../../../../../H-x86_64-mingw32/nios2-elf/lib\libc.a(lib_a-fflush.o)
                              c:/intelfpga/18.1/nios2eds/bin/gnu/h-x86_64-mingw32/bin/../lib/gcc/nios2-elf/5.3.0/../../../../../H-x86_64-mingw32/nios2-elf/lib\libc.a(lib_a-vfprintf.o) (_fflush_r)
c:/intelfpga/18.1/nios2eds/bin/gnu/h-x86_64-mingw32/bin/../lib/gcc/nios2-elf/5.3.0/../../../../../H-x86_64-mingw32/nios2-elf/lib\libc.a(lib_a-findfp.o)
                              c:/intelfpga/18.1/nios2eds/bin/gnu/h-x86_64-mingw32/bin/../lib/gcc/nios2-elf/5.3.0/../../../../../H-x86_64-mingw32/nios2-elf/lib\libc.a(lib_a-vfprintf.o) (__sinit)
c:/intelfpga/18.1/nios2eds/bin/gnu/h-x86_64-mingw32/bin/../lib/gcc/nios2-elf/5.3.0/../../../../../H-x86_64-mingw32/nios2-elf/lib\libc.a(lib_a-freer.o)
                              c:/intelfpga/18.1/nios2eds/bin/gnu/h-x86_64-mingw32/bin/../lib/gcc/nios2-elf/5.3.0/../../../../../H-x86_64-mingw32/nios2-elf/lib\libc.a(lib_a-wsetup.o) (_free_r)
c:/intelfpga/18.1/nios2eds/bin/gnu/h-x86_64-mingw32/bin/../lib/gcc/nios2-elf/5.3.0/../../../../../H-x86_64-mingw32/nios2-elf/lib\libc.a(lib_a-fwalk.o)
                              c:/intelfpga/18.1/nios2eds/bin/gnu/h-x86_64-mingw32/bin/../lib/gcc/nios2-elf/5.3.0/../../../../../H-x86_64-mingw32/nios2-elf/lib\libc.a(lib_a-findfp.o) (_fwalk)
c:/intelfpga/18.1/nios2eds/bin/gnu/h-x86_64-mingw32/bin/../lib/gcc/nios2-elf/5.3.0/../../../../../H-x86_64-mingw32/nios2-elf/lib\libc.a(lib_a-impure.o)
                              c:/intelfpga/18.1/nios2eds/bin/gnu/h-x86_64-mingw32/bin/../lib/gcc/nios2-elf/5.3.0/../../../../../H-x86_64-mingw32/nios2-elf/lib\libc.a(lib_a-fflush.o) (_global_impure_ptr)
c:/intelfpga/18.1/nios2eds/bin/gnu/h-x86_64-mingw32/bin/../lib/gcc/nios2-elf/5.3.0/../../../../../H-x86_64-mingw32/nios2-elf/lib\libc.a(lib_a-locale.o)
                              c:/intelfpga/18.1/nios2eds/bin/gnu/h-x86_64-mingw32/bin/../lib/gcc/nios2-elf/5.3.0/../../../../../H-x86_64-mingw32/nios2-elf/lib\libc.a(lib_a-vfprintf.o) (_localeconv_r)
c:/intelfpga/18.1/nios2eds/bin/gnu/h-x86_64-mingw32/bin/../lib/gcc/nios2-elf/5.3.0/../../../../../H-x86_64-mingw32/nios2-elf/lib\libc.a(lib_a-makebuf.o)
                              c:/intelfpga/18.1/nios2eds/bin/gnu/h-x86_64-mingw32/bin/../lib/gcc/nios2-elf/5.3.0/../../../../../H-x86_64-mingw32/nios2-elf/lib\libc.a(lib_a-wsetup.o) (__smakebuf_r)
c:/intelfpga/18.1/nios2eds/bin/gnu/h-x86_64-mingw32/bin/../lib/gcc/nios2-elf/5.3.0/../../../../../H-x86_64-mingw32/nios2-elf/lib\libc.a(lib_a-mallocr.o)
                              c:/intelfpga/18.1/nios2eds/bin/gnu/h-x86_64-mingw32/bin/../lib/gcc/nios2-elf/5.3.0/../../../../../H-x86_64-mingw32/nios2-elf/lib\libc.a(lib_a-findfp.o) (_malloc_r)
c:/intelfpga/18.1/nios2eds/bin/gnu/h-x86_64-mingw32/bin/../lib/gcc/nios2-elf/5.3.0/../../../../../H-x86_64-mingw32/nios2-elf/lib\libc.a(lib_a-memchr.o)
                              c:/intelfpga/18.1/nios2eds/bin/gnu/h-x86_64-mingw32/bin/../lib/gcc/nios2-elf/5.3.0/../../../../../H-x86_64-mingw32/nios2-elf/lib\libc.a(lib_a-vfprintf.o) (memchr)
c:/intelfpga/18.1/nios2eds/bin/gnu/h-x86_64-mingw32/bin/../lib/gcc/nios2-elf/5.3.0/../../../../../H-x86_64-mingw32/nios2-elf/lib\libc.a(lib_a-memcpy.o)
                              c:/intelfpga/18.1/nios2eds/bin/gnu/h-x86_64-mingw32/bin/../lib/gcc/nios2-elf/5.3.0/../../../../../H-x86_64-mingw32/nios2-elf/lib\libc.a(lib_a-dtoa.o) (memcpy)
c:/intelfpga/18.1/nios2eds/bin/gnu/h-x86_64-mingw32/bin/../lib/gcc/nios2-elf/5.3.0/../../../../../H-x86_64-mingw32/nios2-elf/lib\libc.a(lib_a-memset.o)
[...]
Memory Configuration

Name             Origin             Length             Attributes
reset            0x0000000000800000 0x0000000000000020
sdram            0x0000000000800020 0x00000000007fffe0
onchip_mem       0x0000000001008000 0x0000000000007800
*default*        0x0000000000000000 0xffffffffffffffff

Linker script and memory map

LOAD ../hello_lab2_bsp//obj/HAL/src/crt0.o
LOAD obj/default/SCC_Charts.o
LOAD obj/default/hello_world.o
LOAD c:/intelfpga/18.1/nios2eds/bin/gnu/h-x86_64-mingw32/bin/../lib/gcc/nios2-elf/5.3.0/../../../../../H-x86_64-mingw32/nios2-elf/lib\libstdc++.a
LOAD c:/intelfpga/18.1/nios2eds/bin/gnu/h-x86_64-mingw32/bin/../lib/gcc/nios2-elf/5.3.0/../../../../../H-x86_64-mingw32/nios2-elf/lib\libm.a
LOAD c:/intelfpga/18.1/nios2eds/bin/gnu/h-x86_64-mingw32/bin/../lib/gcc/nios2-elf/5.3.0\libgcc.a
START GROUP
LOAD c:/intelfpga/18.1/nios2eds/bin/gnu/h-x86_64-mingw32/bin/../lib/gcc/nios2-elf/5.3.0/../../../../../H-x86_64-mingw32/nios2-elf/lib\libc.a
LOAD c:/intelfpga/18.1/nios2eds/bin/gnu/h-x86_64-mingw32/bin/../lib/gcc/nios2-elf/5.3.0\libgcc.a
LOAD ../hello_lab2_bsp/\libhal_bsp.a
LOAD c:/intelfpga/18.1/nios2eds/bin/gnu/h-x86_64-mingw32/bin/../lib/gcc/nios2-elf/5.3.0/../../../../../H-x86_64-mingw32/nios2-elf/lib\libm.a
END GROUP
LOAD c:/intelfpga/18.1/nios2eds/bin/gnu/h-x86_64-mingw32/bin/../lib/gcc/nios2-elf/5.3.0\libgcc.a
                0x0000000000800000                __alt_mem_sdram = 0x800000
                0x0000000001008000                __alt_mem_onchip_mem = 0x1008000

.entry          0x0000000000800000       0x20
 *(.entry)
 .entry         0x0000000000800000       0x20 ../hello_lab2_bsp//obj/HAL/src/crt0.o
                0x0000000000800000                __reset

.exceptions     0x0000000000800020      0x224
                0x0000000000800020                PROVIDE (__ram_exceptions_start, ABSOLUTE (.))
                0x0000000000800020                . = ALIGN (0x20)
 *(.irq)
 *(.exceptions.entry.label)
 .exceptions.entry.label
                0x0000000000800020        0x0 ../hello_lab2_bsp/\libhal_bsp.a(alt_irq_entry.o)
                0x0000000000800020                alt_irq_entry
 .exceptions.entry.label
                0x0000000000800020        0x0 ../hello_lab2_bsp/\libhal_bsp.a(alt_exception_entry.o)
                0x0000000000800020                alt_exception
 *(.exceptions.entry.user)
 *(.exceptions.entry.ecc_fatal)
 *(.exceptions.entry)
 .exceptions.entry
                0x0000000000800020       0x54 ../hello_lab2_bsp/\libhal_bsp.a(alt_exception_entry.o)
 *(.exceptions.irqtest.user)
 *(.exceptions.irqtest)
 .exceptions.irqtest
                0x0000000000800074       0x10 ../hello_lab2_bsp/\libhal_bsp.a(alt_irq_entry.o)
 *(.exceptions.irqhandler.user)
 *(.exceptions.irqhandler)
 .exceptions.irqhandler
                0x0000000000800084        0x4 ../hello_lab2_bsp/\libhal_bsp.a(alt_irq_entry.o)
 *(.exceptions.irqreturn.user)
 *(.exceptions.irqreturn)
 .exceptions.irqreturn
                0x0000000000800088        0x4 ../hello_lab2_bsp/\libhal_bsp.a(alt_irq_entry.o)
 *(.exceptions.notirq.label)
 .exceptions.notirq.label
                0x000000000080008c        0x0 ../hello_lab2_bsp/\libhal_bsp.a(alt_irq_entry.o)
 *(.exceptions.notirq.user)
 *(.exceptions.notirq)
 .exceptions.notirq
                0x000000000080008c        0x8 ../hello_lab2_bsp/\libhal_bsp.a(alt_exception_entry.o)
 *(.exceptions.soft.user)
 *(.exceptions.soft)
 *(.exceptions.unknown.user)
 *(.exceptions.unknown)
 .exceptions.unknown
                0x0000000000800094       0x14 ../hello_lab2_bsp/\libhal_bsp.a(alt_exception_entry.o)
 *(.exceptions.exit.label)
 .exceptions.exit.label
                0x00000000008000a8        0x0 ../hello_lab2_bsp/\libhal_bsp.a(alt_irq_entry.o)
 .exceptions.exit.label
                0x00000000008000a8        0x0 ../hello_lab2_bsp/\libhal_bsp.a(alt_exception_entry.o)
 *(.exceptions.exit.user)
 *(.exceptions.exit)
 .exceptions.exit
                0x00000000008000a8       0x54 ../hello_lab2_bsp/\libhal_bsp.a(alt_exception_entry.o)
 *(.exceptions)
 .exceptions    0x00000000008000fc       0xd4 ../hello_lab2_bsp/\libhal_bsp.a(alt_irq_handler.o)
                0x00000000008000fc                alt_irq_handler
 .exceptions    0x00000000008001d0       0x74 ../hello_lab2_bsp/\libhal_bsp.a(alt_instruction_exception_entry.o)
                0x00000000008001d0                alt_instruction_exception_entry
                0x0000000000800244                PROVIDE (__ram_exceptions_end, ABSOLUTE (.))
                0x0000000000800020                PROVIDE (__flash_exceptions_start, LOADADDR (.exceptions))

.text           0x0000000000800244    0x113e4
                [!provide]                        PROVIDE (stext, ABSOLUTE (.))
 *(.interp)
 *(.hash)
 *(.dynsym)
 *(.dynstr)
 *(.gnu.version)
 *(.gnu.version_d)
 *(.gnu.version_r)
 *(.rel.init)
 *(.rela.init)
 *(.rel.text .rel.text.* .rel.gnu.linkonce.t.*)
 *(.rela.text .rela.text.* .rela.gnu.linkonce.t.*)
 *(.rel.fini)
 *(.rela.fini)
 *(.rel.rodata .rel.rodata.* .rel.gnu.linkonce.r.*)
 *(.rela.rodata .rela.rodata.* .rela.gnu.linkonce.r.*)
 *(.rel.data .rel.data.* .rel.gnu.linkonce.d.*)
 *(.rela.data .rela.data.* .rela.gnu.linkonce.d.*)
 *(.rel.tdata .rel.tdata.* .rel.gnu.linkonce.td.*)
 *(.rela.tdata .rela.tdata.* .rela.gnu.linkonce.td.*)
 *(.rel.tbss .rel.tbss.* .rel.gnu.linkonce.tb.*)
 *(.rela.tbss .rela.tbss.* .rela.gnu.linkonce.tb.*)
 *(.rel.ctors)
 *(.rela.ctors)
 *(.rel.dtors)
 *(.rela.dtors)
 *(.rel.got)
 *(.rela.got)
 *(.rel.sdata .rel.sdata.* .rel.gnu.linkonce.s.*)
 *(.rela.sdata .rela.sdata.* .rela.gnu.linkonce.s.*)
 *(.rel.sbss .rel.sbss.* .rel.gnu.linkonce.sb.*)
 *(.rela.sbss .rela.sbss.* .rela.gnu.linkonce.sb.*)
 *(.rel.sdata2 .rel.sdata2.* .rel.gnu.linkonce.s2.*)
 *(.rela.sdata2 .rela.sdata2.* .rela.gnu.linkonce.s2.*)
 *(.rel.sbss2 .rel.sbss2.* .rel.gnu.linkonce.sb2.*)
 *(.rela.sbss2 .rela.sbss2.* .rela.gnu.linkonce.sb2.*)
 *(.rel.bss .rel.bss.* .rel.gnu.linkonce.b.*)
 *(.rela.bss .rela.bss.* .rela.gnu.linkonce.b.*)
 *(.rel.plt)
 *(.rela.plt)
 *(.rel.dyn)
 *(.init)
 *(.plt)
 *(.text .stub .text.* .gnu.linkonce.t.*)
 .text          0x0000000000800244       0x4c ../hello_lab2_bsp//obj/HAL/src/crt0.o
                0x0000000000800244                _start
 .text          0x0000000000800290      0x738 obj/default/SCC_Charts.o
                0x0000000000800290                logic
                0x0000000000800904                reset
                0x000000000080095c                tick
 .text          0x00000000008009c8      0x174 obj/default/hello_world.o
                0x00000000008009c8                button_interrupts_function
                0x0000000000800abc                main
 .text          0x0000000000800b3c        0x0 c:/intelfpga/18.1/nios2eds/bin/gnu/h-x86_64-mingw32/bin/../lib/gcc/nios2-elf/5.3.0/../../../../../H-x86_64-mingw32/nios2-elf/lib\libc.a(lib_a-printf.o)
 .text._printf_r
                0x0000000000800b3c       0x30 c:/intelfpga/18.1/nios2eds/bin/gnu/h-x86_64-mingw32/bin/../lib/gcc/nios2-elf/5.3.0/../../../../../H-x86_64-mingw32/nios2-elf/lib\libc.a(lib_a-printf.o)
                0x0000000000800b3c                _printf_r
 .text.printf   0x0000000000800b6c       0x3c c:/intelfpga/18.1/nios2eds/bin/gnu/h-x86_64-mingw32/bin/../lib/gcc/nios2-elf/5.3.0/../../../../../H-x86_64-mingw32/nios2-elf/lib\libc.a(lib_a-printf.o)
                0x0000000000800b6c                printf
 .text          0x0000000000800ba8        0x0 c:/intelfpga/18.1/nios2eds/bin/gnu/h-x86_64-mingw32/bin/../lib/gcc/nios2-elf/5.3.0/../../../../../H-x86_64-mingw32/nios2-elf/lib\libc.a(lib_a-vfprintf.o)
 .text.___vfprintf_internal_r
                0x0000000000800ba8     0x21f8 c:/intelfpga/18.1/nios2eds/bin/gnu/h-x86_64-mingw32/bin/../lib/gcc/nios2-elf/5.3.0/../../../../../H-x86_64-mingw32/nios2-elf/lib\libc.a(lib_a-vfprintf.o)
                0x0000000000800ba8                ___vfprintf_internal_r
 .text.__vfprintf_internal
                0x0000000000802da0       0x1c c:/intelfpga/18.1/nios2eds/bin/gnu/h-x86_64-mingw32/bin/../lib/gcc/nios2-elf/5.3.0/../../../../../H-x86_64-mingw32/nios2-elf/lib\libc.a(lib_a-vfprintf.o)
                0x0000000000802da0                __vfprintf_internal
 .text.__sbprintf
                0x0000000000802dbc       0xbc c:/intelfpga/18.1/nios2eds/bin/gnu/h-x86_64-mingw32/bin/../lib/gcc/nios2-elf/5.3.0/../../../../../H-x86_64-mingw32/nios2-elf/lib\libc.a(lib_a-vfprintf.o)
 .text          0x0000000000802e78        0x0 c:/intelfpga/18.1/nios2eds/bin/gnu/h-x86_64-mingw32/bin/../lib/gcc/nios2-elf/5.3.0/../../../../../H-x86_64-mingw32/nios2-elf/lib\libc.a(lib_a-wsetup.o)
 .text.__swsetup_r
                0x0000000000802e78      0x154 c:/intelfpga/18.1/nios2eds/bin/gnu/h-x86_64-mingw32/bin/../lib/gcc/nios2-elf/5.3.0/../../../../../H-x86_64-mingw32/nios2-elf/lib\libc.a(lib_a-wsetup.o)
                0x0000000000802e78                __swsetup_r
 .text          0x0000000000802fcc        0x0 c:/intelfpga/18.1/nios2eds/bin/gnu/h-x86_64-mingw32/bin/../lib/gcc/nios2-elf/5.3.0/../../../../../H-x86_64-mingw32/nios2-elf/lib\libc.a(lib_a-dtoa.o)
 .text.quorem   0x0000000000802fcc      0x200 c:/intelfpga/18.1/nios2eds/bin/gnu/h-x86_64-mingw32/bin/../lib/gcc/nios2-elf/5.3.0/../../../../../H-x86_64-mingw32/nios2-elf/lib\libc.a(lib_a-dtoa.o)
 .text._dtoa_r  0x00000000008031cc     0x1688 c:/intelfpga/18.1/nios2eds/bin/gnu/h-x86_64-mingw32/bin/../lib/gcc/nios2-elf/5.3.0/../../../../../H-x86_64-mingw32/nios2-elf/lib\libc.a(lib_a-dtoa.o)
                0x00000000008031cc                _dtoa_r
 .text          0x0000000000804854        0x0 c:/intelfpga/18.1/nios2eds/bin/gnu/h-x86_64-mingw32/bin/../lib/gcc/nios2-elf/5.3.0/../../../../../H-x86_64-mingw32/nios2-elf/lib\libc.a(lib_a-fflush.o)
 .text.__sflush_r
                0x0000000000804854      0x21c c:/intelfpga/18.1/nios2eds/bin/gnu/h-x86_64-mingw32/bin/../lib/gcc/nios2-elf/5.3.0/../../../../../H-x86_64-mingw32/nios2-elf/lib\libc.a(lib_a-fflush.o)
                0x0000000000804854                __sflush_r
 .text._fflush_r
                0x0000000000804a70       0x5c c:/intelfpga/18.1/nios2eds/bin/gnu/h-x86_64-mingw32/bin/../lib/gcc/nios2-elf/5.3.0/../../../../../H-x86_64-mingw32/nios2-elf/lib\libc.a(lib_a-fflush.o)
                0x0000000000804a70                _fflush_r
 .text.fflush   0x0000000000804acc       0x30 c:/intelfpga/18.1/nios2eds/bin/gnu/h-x86_64-mingw32/bin/../lib/gcc/nios2-elf/5.3.0/../../../../../H-x86_64-mingw32/nios2-elf/lib\libc.a(lib_a-fflush.o)
                0x0000000000804acc                fflush
 .text          0x0000000000804afc        0x0 c:/intelfpga/18.1/nios2eds/bin/gnu/h-x86_64-mingw32/bin/../lib/gcc/nios2-elf/5.3.0/../../../../../H-x86_64-mingw32/nios2-elf/lib\libc.a(lib_a-findfp.o)
 .text.__fp_unlock
                0x0000000000804afc        0x8 c:/intelfpga/18.1/nios2eds/bin/gnu/h-x86_64-mingw32/bin/../lib/gcc/nios2-elf/5.3.0/../../../../../H-x86_64-mingw32/nios2-elf/lib\libc.a(lib_a-findfp.o)
 .text._cleanup_r
                0x0000000000804b04        0xc c:/intelfpga/18.1/nios2eds/bin/gnu/h-x86_64-mingw32/bin/../lib/gcc/nios2-elf/5.3.0/../../../../../H-x86_64-mingw32/nios2-elf/lib\libc.a(lib_a-findfp.o)
                0x0000000000804b04                _cleanup_r
 .text.__sinit.part.1
                0x0000000000804b10      0x19c c:/intelfpga/18.1/nios2eds/bin/gnu/h-x86_64-mingw32/bin/../lib/gcc/nios2-elf/5.3.0/../../../../../H-x86_64-mingw32/nios2-elf/lib\libc.a(lib_a-findfp.o)
 .text.__fp_lock
                0x0000000000804cac        0x8 c:/intelfpga/18.1/nios2eds/bin/gnu/h-x86_64-mingw32/bin/../lib/gcc/nios2-elf/5.3.0/../../../../../H-x86_64-mingw32/nios2-elf/lib\libc.a(lib_a-findfp.o)
 .text.__sfmoreglue
                0x0000000000804cb4       0x68 c:/intelfpga/18.1/nios2eds/bin/gnu/h-x86_64-mingw32/bin/../lib/gcc/nios2-elf/5.3.0/../../../../../H-x86_64-mingw32/nios2-elf/lib\libc.a(lib_a-findfp.o)
                0x0000000000804cb4                __sfmoreglue
 .text.__sfp    0x0000000000804d1c      0x118 c:/intelfpga/18.1/nios2eds/bin/gnu/h-x86_64-mingw32/bin/../lib/gcc/nios2-elf/5.3.0/../../../../../H-x86_64-mingw32/nios2-elf/lib\libc.a(lib_a-findfp.o)
                0x0000000000804d1c                __sfp
 .text._cleanup
                0x0000000000804e34       0x18 c:/intelfpga/18.1/nios2eds/bin/gnu/h-x86_64-mingw32/bin/../lib/gcc/nios2-elf/5.3.0/../../../../../H-x86_64-mingw32/nios2-elf/lib\libc.a(lib_a-findfp.o)
                0x0000000000804e34                _cleanup
 .text.__sinit  0x0000000000804e4c       0x10 c:/intelfpga/18.1/nios2eds/bin/gnu/h-x86_64-mingw32/bin/../lib/gcc/nios2-elf/5.3.0/../../../../../H-x86_64-mingw32/nios2-elf/lib\libc.a(lib_a-findfp.o)
                0x0000000000804e4c                __sinit
 .text.__sfp_lock_acquire
                0x0000000000804e5c        0x4 c:/intelfpga/18.1/nios2eds/bin/gnu/h-x86_64-mingw32/bin/../lib/gcc/nios2-elf/5.3.0/../../../../../H-x86_64-mingw32/nios2-elf/lib\libc.a(lib_a-findfp.o)
                0x0000000000804e5c                __sfp_lock_acquire
 .text.__sfp_lock_release
                0x0000000000804e60        0x4 c:/intelfpga/18.1/nios2eds/bin/gnu/h-x86_64-mingw32/bin/../lib/gcc/nios2-elf/5.3.0/../../../../../H-x86_64-mingw32/nios2-elf/lib\libc.a(lib_a-findfp.o)
                0x0000000000804e60                __sfp_lock_release
 .text.__sinit_lock_acquire
                0x0000000000804e64        0x4 c:/intelfpga/18.1/nios2eds/bin/gnu/h-x86_64-mingw32/bin/../lib/gcc/nios2-elf/5.3.0/../../../../../H-x86_64-mingw32/nios2-elf/lib\libc.a(lib_a-findfp.o)
                0x0000000000804e64                __sinit_lock_acquire
 .text.__sinit_lock_release
                0x0000000000804e68        0x4 c:/intelfpga/18.1/nios2eds/bin/gnu/h-x86_64-mingw32/bin/../lib/gcc/nios2-elf/5.3.0/../../../../../H-x86_64-mingw32/nios2-elf/lib\libc.a(lib_a-findfp.o)
                0x0000000000804e68                __sinit_lock_release
 .text.__fp_lock_all
                0x0000000000804e6c       0x18 c:/intelfpga/18.1/nios2eds/bin/gnu/h-x86_64-mingw32/bin/../lib/gcc/nios2-elf/5.3.0/../../../../../H-x86_64-mingw32/nios2-elf/lib\libc.a(lib_a-findfp.o)
                0x0000000000804e6c                __fp_lock_all
 .text.__fp_unlock_all
                0x0000000000804e84       0x18 c:/intelfpga/18.1/nios2eds/bin/gnu/h-x86_64-mingw32/bin/../lib/gcc/nios2-elf/5.3.0/../../../../../H-x86_64-mingw32/nios2-elf/lib\libc.a(lib_a-findfp.o)
                0x0000000000804e84                __fp_unlock_all
 .text          0x0000000000804e9c        0x0 c:/intelfpga/18.1/nios2eds/bin/gnu/h-x86_64-mingw32/bin/../lib/gcc/nios2-elf/5.3.0/../../../../../H-x86_64-mingw32/nios2-elf/lib\libc.a(lib_a-freer.o)
 .text._malloc_trim_r
                0x0000000000804e9c      0x124 c:/intelfpga/18.1/nios2eds/bin/gnu/h-x86_64-mingw32/bin/../lib/gcc/nios2-elf/5.3.0/../../../../../H-x86_64-mingw32/nios2-elf/lib\libc.a(lib_a-freer.o)
                0x0000000000804e9c                _malloc_trim_r
 .text._free_r  0x0000000000804fc0      0x310 c:/intelfpga/18.1/nios2eds/bin/gnu/h-x86_64-mingw32/bin/../lib/gcc/nios2-elf/5.3.0/../../../../../H-x86_64-mingw32/nios2-elf/lib\libc.a(lib_a-freer.o)
                0x0000000000804fc0                _free_r
 .text          0x00000000008052d0        0x0 c:/intelfpga/18.1/nios2eds/bin/gnu/h-x86_64-mingw32/bin/../lib/gcc/nios2-elf/5.3.0/../../../../../H-x86_64-mingw32/nios2-elf/lib\libc.a(lib_a-fwalk.o)
 .text._fwalk   0x00000000008052d0       0xc4 c:/intelfpga/18.1/nios2eds/bin/gnu/h-x86_64-mingw32/bin/../lib/gcc/nios2-elf/5.3.0/../../../../../H-x86_64-mingw32/nios2-elf/lib\libc.a(lib_a-fwalk.o)
                0x00000000008052d0                _fwalk
 .text._fwalk_reent
                0x0000000000805394       0xc4 c:/intelfpga/18.1/nios2eds/bin/gnu/h-x86_64-mingw32/bin/../lib/gcc/nios2-elf/5.3.0/../../../../../H-x86_64-mingw32/nios2-elf/lib\libc.a(lib_a-fwalk.o)
                0x0000000000805394                _fwalk_reent
 .text          0x0000000000805458        0x0 c:/intelfpga/18.1/nios2eds/bin/gnu/h-x86_64-mingw32/bin/../lib/gcc/nios2-elf/5.3.0/../../../../../H-x86_64-mingw32/nios2-elf/lib\libc.a(lib_a-impure.o)
 .text          0x0000000000805458        0x0 c:/intelfpga/18.1/nios2eds/bin/gnu/h-x86_64-mingw32/bin/../lib/gcc/nios2-elf/5.3.0/../../../../../H-x86_64-mingw32/nios2-elf/lib\libc.a(lib_a-locale.o)
 .text._setlocale_r
                0x0000000000805458       0x7c c:/intelfpga/18.1/nios2eds/bin/gnu/h-x86_64-mingw32/bin/../lib/gcc/nios2-elf/5.3.0/../../../../../H-x86_64-mingw32/nios2-elf/lib\libc.a(lib_a-locale.o)
                0x0000000000805458                _setlocale_r
 .text.__locale_charset
                0x00000000008054d4        0xc c:/intelfpga/18.1/nios2eds/bin/gnu/h-x86_64-mingw32/bin/../lib/gcc/nios2-elf/5.3.0/../../../../../H-x86_64-mingw32/nios2-elf/lib\libc.a(lib_a-locale.o)
                0x00000000008054d4                __locale_charset
 .text.__locale_mb_cur_max
                0x00000000008054e0       0x10 c:/intelfpga/18.1/nios2eds/bin/gnu/h-x86_64-mingw32/bin/../lib/gcc/nios2-elf/5.3.0/../../../../../H-x86_64-mingw32/nios2-elf/lib\libc.a(lib_a-locale.o)
                0x00000000008054e0                __locale_mb_cur_max
 .text.__locale_msgcharset
                0x00000000008054f0        0xc c:/intelfpga/18.1/nios2eds/bin/gnu/h-x86_64-mingw32/bin/../lib/gcc/nios2-elf/5.3.0/../../../../../H-x86_64-mingw32/nios2-elf/lib\libc.a(lib_a-locale.o)
                0x00000000008054f0                __locale_msgcharset
 .text.__locale_cjk_lang
                0x00000000008054fc        0x8 c:/intelfpga/18.1/nios2eds/bin/gnu/h-x86_64-mingw32/bin/../lib/gcc/nios2-elf/5.3.0/../../../../../H-x86_64-mingw32/nios2-elf/lib\libc.a(lib_a-locale.o)
                0x00000000008054fc                __locale_cjk_lang
 .text._localeconv_r
                0x0000000000805504        0xc c:/intelfpga/18.1/nios2eds/bin/gnu/h-x86_64-mingw32/bin/../lib/gcc/nios2-elf/5.3.0/../../../../../H-x86_64-mingw32/nios2-elf/lib\libc.a(lib_a-locale.o)
                0x0000000000805504                _localeconv_r
 .text.setlocale
                0x0000000000805510       0x18 c:/intelfpga/18.1/nios2eds/bin/gnu/h-x86_64-mingw32/bin/../lib/gcc/nios2-elf/5.3.0/../../../../../H-x86_64-mingw32/nios2-elf/lib\libc.a(lib_a-locale.o)
                0x0000000000805510                setlocale
 .text.localeconv
                0x0000000000805528        0xc c:/intelfpga/18.1/nios2eds/bin/gnu/h-x86_64-mingw32/bin/../lib/gcc/nios2-elf/5.3.0/../../../../../H-x86_64-mingw32/nios2-elf/lib\libc.a(lib_a-locale.o)
                0x0000000000805528                localeconv
 .text          0x0000000000805534        0x0 c:/intelfpga/18.1/nios2eds/bin/gnu/h-x86_64-mingw32/bin/../lib/gcc/nios2-elf/5.3.0/../../../../../H-x86_64-mingw32/nios2-elf/lib\libc.a(lib_a-makebuf.o)
 .text.__smakebuf_r
                0x0000000000805534      0x1bc c:/intelfpga/18.1/nios2eds/bin/gnu/h-x86_64-mingw32/bin/../lib/gcc/nios2-elf/5.3.0/../../../../../H-x86_64-mingw32/nios2-elf/lib\libc.a(lib_a-makebuf.o)
                0x0000000000805534                __smakebuf_r
 .text          0x00000000008056f0        0x0 c:/intelfpga/18.1/nios2eds/bin/gnu/h-x86_64-mingw32/bin/../lib/gcc/nios2-elf/5.3.0/../../../../../H-x86_64-mingw32/nios2-elf/lib\libc.a(lib_a-mallocr.o)
 .text._malloc_r
                0x00000000008056f0      0x80c c:/intelfpga/18.1/nios2eds/bin/gnu/h-x86_64-mingw32/bin/../lib/gcc/nios2-elf/5.3.0/../../../../../H-x86_64-mingw32/nios2-elf/lib\libc.a(lib_a-mallocr.o)
                0x00000000008056f0                _malloc_r
 .text          0x0000000000805efc        0x0 c:/intelfpga/18.1/nios2eds/bin/gnu/h-x86_64-mingw32/bin/../lib/gcc/nios2-elf/5.3.0/../../../../../H-x86_64-mingw32/nios2-elf/lib\libc.a(lib_a-memchr.o)
 .text.memchr   0x0000000000805efc       0xe4 c:/intelfpga/18.1/nios2eds/bin/gnu/h-x86_64-mingw32/bin/../lib/gcc/nios2-elf/5.3.0/../../../../../H-x86_64-mingw32/nios2-elf/lib\libc.a(lib_a-memchr.o)
                0x0000000000805efc                memchr
 .text          0x0000000000805fe0        0x0 c:/intelfpga/18.1/nios2eds/bin/gnu/h-x86_64-mingw32/bin/../lib/gcc/nios2-elf/5.3.0/../../../../../H-x86_64-mingw32/nios2-elf/lib\libc.a(lib_a-memcpy.o)
 .text.memcpy   0x0000000000805fe0      0x148 c:/intelfpga/18.1/nios2eds/bin/gnu/h-x86_64-mingw32/bin/../lib/gcc/nios2-elf/5.3.0/../../../../../H-x86_64-mingw32/nios2-elf/lib\libc.a(lib_a-memcpy.o)
                0x0000000000805fe0                memcpy
 .text          0x0000000000806128        0x0 c:/intelfpga/18.1/nios2eds/bin/gnu/h-x86_64-mingw32/bin/../lib/gcc/nios2-elf/5.3.0/../../../../../H-x86_64-mingw32/nios2-elf/lib\libc.a(lib_a-memset.o)
 .text.memset   0x0000000000806128      0x128 c:/intelfpga/18.1/nios2eds/bin/gnu/h-x86_64-mingw32/bin/../lib/gcc/nios2-elf/5.3.0/../../../../../H-x86_64-mingw32/nios2-elf/lib\libc.a(lib_a-memset.o)
                0x0000000000806128                memset
 .text          0x0000000000806250        0x0 c:/intelfpga/18.1/nios2eds/bin/gnu/h-x86_64-mingw32/bin/../lib/gcc/nios2-elf/5.3.0/../../../../../H-x86_64-mingw32/nios2-elf/lib\libc.a(lib_a-mprec.o)
 .text._Balloc  0x0000000000806250       0xa8 c:/intelfpga/18.1/nios2eds/bin/gnu/h-x86_64-mingw32/bin/../lib/gcc/nios2-elf/5.3.0/../../../../../H-x86_64-mingw32/nios2-elf/lib\libc.a(lib_a-mprec.o)
                0x0000000000806250                _Balloc
 .text._Bfree   0x00000000008062f8       0x28 c:/intelfpga/18.1/nios2eds/bin/gnu/h-x86_64-mingw32/bin/../lib/gcc/nios2-elf/5.3.0/../../../../../H-x86_64-mingw32/nios2-elf/lib\libc.a(lib_a-mprec.o)
                0x00000000008062f8                _Bfree
 .text.__multadd
                0x0000000000806320      0x120 c:/intelfpga/18.1/nios2eds/bin/gnu/h-x86_64-mingw32/bin/../lib/gcc/nios2-elf/5.3.0/../../../../../H-x86_64-mingw32/nios2-elf/lib\libc.a(lib_a-mprec.o)
                0x0000000000806320                __multadd
 .text.__s2b    0x0000000000806440      0x104 c:/intelfpga/18.1/nios2eds/bin/gnu/h-x86_64-mingw32/bin/../lib/gcc/nios2-elf/5.3.0/../../../../../H-x86_64-mingw32/nios2-elf/lib\libc.a(lib_a-mprec.o)
                0x0000000000806440                __s2b
 .text.__hi0bits
                0x0000000000806544       0x68 c:/intelfpga/18.1/nios2eds/bin/gnu/h-x86_64-mingw32/bin/../lib/gcc/nios2-elf/5.3.0/../../../../../H-x86_64-mingw32/nios2-elf/lib\libc.a(lib_a-mprec.o)
                0x0000000000806544                __hi0bits
 .text.__lo0bits
                0x00000000008065ac       0xb0 c:/intelfpga/18.1/nios2eds/bin/gnu/h-x86_64-mingw32/bin/../lib/gcc/nios2-elf/5.3.0/../../../../../H-x86_64-mingw32/nios2-elf/lib\libc.a(lib_a-mprec.o)
                0x00000000008065ac                __lo0bits
 .text.__i2b    0x000000000080665c       0x3c c:/intelfpga/18.1/nios2eds/bin/gnu/h-x86_64-mingw32/bin/../lib/gcc/nios2-elf/5.3.0/../../../../../H-x86_64-mingw32/nios2-elf/lib\libc.a(lib_a-mprec.o)
                0x000000000080665c                __i2b
 .text.__multiply
                0x0000000000806698      0x1f8 c:/intelfpga/18.1/nios2eds/bin/gnu/h-x86_64-mingw32/bin/../lib/gcc/nios2-elf/5.3.0/../../../../../H-x86_64-mingw32/nios2-elf/lib\libc.a(lib_a-mprec.o)
                0x0000000000806698                __multiply
 .text.__pow5mult
                0x0000000000806890      0x140 c:/intelfpga/18.1/nios2eds/bin/gnu/h-x86_64-mingw32/bin/../lib/gcc/nios2-elf/5.3.0/../../../../../H-x86_64-mingw32/nios2-elf/lib\libc.a(lib_a-mprec.o)
                0x0000000000806890                __pow5mult
 .text.__lshift
                0x00000000008069d0      0x148 c:/intelfpga/18.1/nios2eds/bin/gnu/h-x86_64-mingw32/bin/../lib/gcc/nios2-elf/5.3.0/../../../../../H-x86_64-mingw32/nios2-elf/lib\libc.a(lib_a-mprec.o)
                0x00000000008069d0                __lshift
 .text.__mcmp   0x0000000000806b18       0x60 c:/intelfpga/18.1/nios2eds/bin/gnu/h-x86_64-mingw32/bin/../lib/gcc/nios2-elf/5.3.0/../../../../../H-x86_64-mingw32/nios2-elf/lib\libc.a(lib_a-mprec.o)
                0x0000000000806b18                __mcmp
 .text.__mdiff  0x0000000000806b78      0x1fc c:/intelfpga/18.1/nios2eds/bin/gnu/h-x86_64-mingw32/bin/../lib/gcc/nios2-elf/5.3.0/../../../../../H-x86_64-mingw32/nios2-elf/lib\libc.a(lib_a-mprec.o)
                0x0000000000806b78                __mdiff
 .text.__ulp    0x0000000000806d74       0x64 c:/intelfpga/18.1/nios2eds/bin/gnu/h-x86_64-mingw32/bin/../lib/gcc/nios2-elf/5.3.0/../../../../../H-x86_64-mingw32/nios2-elf/lib\libc.a(lib_a-mprec.o)
                0x0000000000806d74                __ulp
 .text.__b2d    0x0000000000806dd8      0x10c c:/intelfpga/18.1/nios2eds/bin/gnu/h-x86_64-mingw32/bin/../lib/gcc/nios2-elf/5.3.0/../../../../../H-x86_64-mingw32/nios2-elf/lib\libc.a(lib_a-mprec.o)
                0x0000000000806dd8                __b2d
 .text.__d2b    0x0000000000806ee4      0x14c c:/intelfpga/18.1/nios2eds/bin/gnu/h-x86_64-mingw32/bin/../lib/gcc/nios2-elf/5.3.0/../../../../../H-x86_64-mingw32/nios2-elf/lib\libc.a(lib_a-mprec.o)
                0x0000000000806ee4                __d2b
 .text.__ratio  0x0000000000807030       0xa4 c:/intelfpga/18.1/nios2eds/bin/gnu/h-x86_64-mingw32/bin/../lib/gcc/nios2-elf/5.3.0/../../../../../H-x86_64-mingw32/nios2-elf/lib\libc.a(lib_a-mprec.o)
                0x0000000000807030                __ratio
 .text._mprec_log10
                0x00000000008070d4       0x74 c:/intelfpga/18.1/nios2eds/bin/gnu/h-x86_64-mingw32/bin/../lib/gcc/nios2-elf/5.3.0/../../../../../H-x86_64-mingw32/nios2-elf/lib\libc.a(lib_a-mprec.o)
                0x00000000008070d4                _mprec_log10
 .text.__copybits
                0x0000000000807148       0x78 c:/intelfpga/18.1/nios2eds/bin/gnu/h-x86_64-mingw32/bin/../lib/gcc/nios2-elf/5.3.0/../../../../../H-x86_64-mingw32/nios2-elf/lib\libc.a(lib_a-mprec.o)
                0x0000000000807148                __copybits
 .text.__any_on
                0x00000000008071c0       0x8c c:/intelfpga/18.1/nios2eds/bin/gnu/h-x86_64-mingw32/bin/../lib/gcc/nios2-elf/5.3.0/../../../../../H-x86_64-mingw32/nios2-elf/lib\libc.a(lib_a-mprec.o)
                0x00000000008071c0                __any_on
 .text          0x000000000080724c        0x0 c:/intelfpga/18.1/nios2eds/bin/gnu/h-x86_64-mingw32/bin/../lib/gcc/nios2-elf/5.3.0/../../../../../H-x86_64-mingw32/nios2-elf/lib\libc.a(lib_a-s_fpclassify.o)
 .text.__fpclassifyd
                0x000000000080724c       0x74 c:/intelfpga/18.1/nios2eds/bin/gnu/h-x86_64-mingw32/bin/../lib/gcc/nios2-elf/5.3.0/../../../../../H-x86_64-mingw32/nios2-elf/lib\libc.a(lib_a-s_fpclassify.o)
                0x000000000080724c                __fpclassifyd
 .text          0x00000000008072c0        0x0 c:/intelfpga/18.1/nios2eds/bin/gnu/h-x86_64-mingw32/bin/../lib/gcc/nios2-elf/5.3.0/../../../../../H-x86_64-mingw32/nios2-elf/lib\libc.a(lib_a-sbrkr.o)
 .text._sbrk_r  0x00000000008072c0       0x54 c:/intelfpga/18.1/nios2eds/bin/gnu/h-x86_64-mingw32/bin/../lib/gcc/nios2-elf/5.3.0/../../../../../H-x86_64-mingw32/nios2-elf/lib\libc.a(lib_a-sbrkr.o)
                0x00000000008072c0                _sbrk_r
 .text          0x0000000000807314        0x0 c:/intelfpga/18.1/nios2eds/bin/gnu/h-x86_64-mingw32/bin/../lib/gcc/nios2-elf/5.3.0/../../../../../H-x86_64-mingw32/nios2-elf/lib\libc.a(lib_a-stdio.o)
 .text.__sread  0x0000000000807314       0x54 c:/intelfpga/18.1/nios2eds/bin/gnu/h-x86_64-mingw32/bin/../lib/gcc/nios2-elf/5.3.0/../../../../../H-x86_64-mingw32/nios2-elf/lib\libc.a(lib_a-stdio.o)
                0x0000000000807314                __sread
 .text.__seofread
                0x0000000000807368        0x8 c:/intelfpga/18.1/nios2eds/bin/gnu/h-x86_64-mingw32/bin/../lib/gcc/nios2-elf/5.3.0/../../../../../H-x86_64-mingw32/nios2-elf/lib\libc.a(lib_a-stdio.o)
                0x0000000000807368                __seofread
 .text.__swrite
                0x0000000000807370       0x7c c:/intelfpga/18.1/nios2eds/bin/gnu/h-x86_64-mingw32/bin/../lib/gcc/nios2-elf/5.3.0/../../../../../H-x86_64-mingw32/nios2-elf/lib\libc.a(lib_a-stdio.o)
                0x0000000000807370                __swrite
 .text.__sseek  0x00000000008073ec       0x5c c:/intelfpga/18.1/nios2eds/bin/gnu/h-x86_64-mingw32/bin/../lib/gcc/nios2-elf/5.3.0/../../../../../H-x86_64-mingw32/nios2-elf/lib\libc.a(lib_a-stdio.o)
                0x00000000008073ec                __sseek
 .text.__sclose
                0x0000000000807448        0x8 c:/intelfpga/18.1/nios2eds/bin/gnu/h-x86_64-mingw32/bin/../lib/gcc/nios2-elf/5.3.0/../../../../../H-x86_64-mingw32/nios2-elf/lib\libc.a(lib_a-stdio.o)
                0x0000000000807448                __sclose
 .text          0x0000000000807450        0x0 c:/intelfpga/18.1/nios2eds/bin/gnu/h-x86_64-mingw32/bin/../lib/gcc/nios2-elf/5.3.0/../../../../../H-x86_64-mingw32/nios2-elf/lib\libc.a(lib_a-strcmp.o)
 .text.strcmp   0x0000000000807450       0xdc c:/intelfpga/18.1/nios2eds/bin/gnu/h-x86_64-mingw32/bin/../lib/gcc/nios2-elf/5.3.0/../../../../../H-x86_64-mingw32/nios2-elf/lib\libc.a(lib_a-strcmp.o)
                0x0000000000807450                strcmp
 .text          0x000000000080752c        0x0 c:/intelfpga/18.1/nios2eds/bin/gnu/h-x86_64-mingw32/bin/../lib/gcc/nios2-elf/5.3.0/../../../../../H-x86_64-mingw32/nios2-elf/lib\libc.a(lib_a-strlen.o)
 .text.strlen   0x000000000080752c       0x98 c:/intelfpga/18.1/nios2eds/bin/gnu/h-x86_64-mingw32/bin/../lib/gcc/nios2-elf/5.3.0/../../../../../H-x86_64-mingw32/nios2-elf/lib\libc.a(lib_a-strlen.o)
                0x000000000080752c                strlen
 .text          0x00000000008075c4        0x0 c:/intelfpga/18.1/nios2eds/bin/gnu/h-x86_64-mingw32/bin/../lib/gcc/nios2-elf/5.3.0/../../../../../H-x86_64-mingw32/nios2-elf/lib\libc.a(lib_a-vfiprintf.o)
 .text.__sprint_r.part.0
                0x00000000008075c4       0xfc c:/intelfpga/18.1/nios2eds/bin/gnu/h-x86_64-mingw32/bin/../lib/gcc/nios2-elf/5.3.0/../../../../../H-x86_64-mingw32/nios2-elf/lib\libc.a(lib_a-vfiprintf.o)
 .text.__sprint_r
                0x00000000008076c0       0x18 c:/intelfpga/18.1/nios2eds/bin/gnu/h-x86_64-mingw32/bin/../lib/gcc/nios2-elf/5.3.0/../../../../../H-x86_64-mingw32/nios2-elf/lib\libc.a(lib_a-vfiprintf.o)
                0x00000000008076c0                __sprint_r
 .text.___vfiprintf_internal_r
                0x00000000008076d8     0x145c c:/intelfpga/18.1/nios2eds/bin/gnu/h-x86_64-mingw32/bin/../lib/gcc/nios2-elf/5.3.0/../../../../../H-x86_64-mingw32/nios2-elf/lib\libc.a(lib_a-vfiprintf.o)
                0x00000000008076d8                ___vfiprintf_internal_r
 .text.__vfiprintf_internal
                0x0000000000808b34       0x1c c:/intelfpga/18.1/nios2eds/bin/gnu/h-x86_64-mingw32/bin/../lib/gcc/nios2-elf/5.3.0/../../../../../H-x86_64-mingw32/nios2-elf/lib\libc.a(lib_a-vfiprintf.o)
                0x0000000000808b34                __vfiprintf_internal
 .text.__sbprintf
                0x0000000000808b50       0xbc c:/intelfpga/18.1/nios2eds/bin/gnu/h-x86_64-mingw32/bin/../lib/gcc/nios2-elf/5.3.0/../../../../../H-x86_64-mingw32/nios2-elf/lib\libc.a(lib_a-vfiprintf.o)
 .text          0x0000000000808c0c        0x0 c:/intelfpga/18.1/nios2eds/bin/gnu/h-x86_64-mingw32/bin/../lib/gcc/nios2-elf/5.3.0/../../../../../H-x86_64-mingw32/nios2-elf/lib\libc.a(lib_a-writer.o)
 .text._write_r
                0x0000000000808c0c       0x60 c:/intelfpga/18.1/nios2eds/bin/gnu/h-x86_64-mingw32/bin/../lib/gcc/nios2-elf/5.3.0/../../../../../H-x86_64-mingw32/nios2-elf/lib\libc.a(lib_a-writer.o)
                0x0000000000808c0c                _write_r
 .text          0x0000000000808c6c        0x0 c:/intelfpga/18.1/nios2eds/bin/gnu/h-x86_64-mingw32/bin/../lib/gcc/nios2-elf/5.3.0/../../../../../H-x86_64-mingw32/nios2-elf/lib\libc.a(closer.o)
 .text._close_r
                0x0000000000808c6c       0x54 c:/intelfpga/18.1/nios2eds/bin/gnu/h-x86_64-mingw32/bin/../lib/gcc/nios2-elf/5.3.0/../../../../../H-x86_64-mingw32/nios2-elf/lib\libc.a(closer.o)
                0x0000000000808c6c                _close_r
 .text          0x0000000000808cc0        0x0 c:/intelfpga/18.1/nios2eds/bin/gnu/h-x86_64-mingw32/bin/../lib/gcc/nios2-elf/5.3.0/../../../../../H-x86_64-mingw32/nios2-elf/lib\libc.a(lib_a-callocr.o)
 .text._calloc_r
                0x0000000000808cc0       0xc4 c:/intelfpga/18.1/nios2eds/bin/gnu/h-x86_64-mingw32/bin/../lib/gcc/nios2-elf/5.3.0/../../../../../H-x86_64-mingw32/nios2-elf/lib\libc.a(lib_a-callocr.o)
                0x0000000000808cc0                _calloc_r
 .text          0x0000000000808d84        0x0 c:/intelfpga/18.1/nios2eds/bin/gnu/h-x86_64-mingw32/bin/../lib/gcc/nios2-elf/5.3.0/../../../../../H-x86_64-mingw32/nios2-elf/lib\libc.a(lib_a-fclose.o)
 .text._fclose_r
                0x0000000000808d84       0xf0 c:/intelfpga/18.1/nios2eds/bin/gnu/h-x86_64-mingw32/bin/../lib/gcc/nios2-elf/5.3.0/../../../../../H-x86_64-mingw32/nios2-elf/lib\libc.a(lib_a-fclose.o)
                0x0000000000808d84                _fclose_r
 .text.fclose   0x0000000000808e74       0x14 c:/intelfpga/18.1/nios2eds/bin/gnu/h-x86_64-mingw32/bin/../lib/gcc/nios2-elf/5.3.0/../../../../../H-x86_64-mingw32/nios2-elf/lib\libc.a(lib_a-fclose.o)
                0x0000000000808e74                fclose
 .text          0x0000000000808e88        0x0 c:/intelfpga/18.1/nios2eds/bin/gnu/h-x86_64-mingw32/bin/../lib/gcc/nios2-elf/5.3.0/../../../../../H-x86_64-mingw32/nios2-elf/lib\libc.a(lib_a-fputwc.o)
 .text.__fputwc
                0x0000000000808e88      0x164 c:/intelfpga/18.1/nios2eds/bin/gnu/h-x86_64-mingw32/bin/../lib/gcc/nios2-elf/5.3.0/../../../../../H-x86_64-mingw32/nios2-elf/lib\libc.a(lib_a-fputwc.o)
                0x0000000000808e88                __fputwc
 .text._fputwc_r
                0x0000000000808fec       0x24 c:/intelfpga/18.1/nios2eds/bin/gnu/h-x86_64-mingw32/bin/../lib/gcc/nios2-elf/5.3.0/../../../../../H-x86_64-mingw32/nios2-elf/lib\libc.a(lib_a-fputwc.o)
                0x0000000000808fec                _fputwc_r
 .text.fputwc   0x0000000000809010       0x80 c:/intelfpga/18.1/nios2eds/bin/gnu/h-x86_64-mingw32/bin/../lib/gcc/nios2-elf/5.3.0/../../../../../H-x86_64-mingw32/nios2-elf/lib\libc.a(lib_a-fputwc.o)
                0x0000000000809010                fputwc
 .text          0x0000000000809090        0x0 c:/intelfpga/18.1/nios2eds/bin/gnu/h-x86_64-mingw32/bin/../lib/gcc/nios2-elf/5.3.0/../../../../../H-x86_64-mingw32/nios2-elf/lib\libc.a(lib_a-fstatr.o)
 .text._fstat_r
                0x0000000000809090       0x5c c:/intelfpga/18.1/nios2eds/bin/gnu/h-x86_64-mingw32/bin/../lib/gcc/nios2-elf/5.3.0/../../../../../H-x86_64-mingw32/nios2-elf/lib\libc.a(lib_a-fstatr.o)
                0x0000000000809090                _fstat_r
 .text          0x00000000008090ec        0x0 c:/intelfpga/18.1/nios2eds/bin/gnu/h-x86_64-mingw32/bin/../lib/gcc/nios2-elf/5.3.0/../../../../../H-x86_64-mingw32/nios2-elf/lib\libc.a(lib_a-fvwrite.o)
 .text.__sfvwrite_r
                0x00000000008090ec      0x4bc c:/intelfpga/18.1/nios2eds/bin/gnu/h-x86_64-mingw32/bin/../lib/gcc/nios2-elf/5.3.0/../../../../../H-x86_64-mingw32/nios2-elf/lib\libc.a(lib_a-fvwrite.o)
                0x00000000008090ec                __sfvwrite_r
 .text          0x00000000008095a8        0x0 c:/intelfpga/18.1/nios2eds/bin/gnu/h-x86_64-mingw32/bin/../lib/gcc/nios2-elf/5.3.0/../../../../../H-x86_64-mingw32/nios2-elf/lib\libc.a(lib_a-int_errno.o)
 .text          0x00000000008095a8        0x0 c:/intelfpga/18.1/nios2eds/bin/gnu/h-x86_64-mingw32/bin/../lib/gcc/nios2-elf/5.3.0/../../../../../H-x86_64-mingw32/nios2-elf/lib\libc.a(lib_a-isattyr.o)
 .text._isatty_r
                0x00000000008095a8       0x54 c:/intelfpga/18.1/nios2eds/bin/gnu/h-x86_64-mingw32/bin/../lib/gcc/nios2-elf/5.3.0/../../../../../H-x86_64-mingw32/nios2-elf/lib\libc.a(lib_a-isattyr.o)
                0x00000000008095a8                _isatty_r
 .text          0x00000000008095fc        0x0 c:/intelfpga/18.1/nios2eds/bin/gnu/h-x86_64-mingw32/bin/../lib/gcc/nios2-elf/5.3.0/../../../../../H-x86_64-mingw32/nios2-elf/lib\libc.a(lib_a-lseekr.o)
 .text._lseek_r
                0x00000000008095fc       0x60 c:/intelfpga/18.1/nios2eds/bin/gnu/h-x86_64-mingw32/bin/../lib/gcc/nios2-elf/5.3.0/../../../../../H-x86_64-mingw32/nios2-elf/lib\libc.a(lib_a-lseekr.o)
                0x00000000008095fc                _lseek_r
 .text          0x000000000080965c        0x0 c:/intelfpga/18.1/nios2eds/bin/gnu/h-x86_64-mingw32/bin/../lib/gcc/nios2-elf/5.3.0/../../../../../H-x86_64-mingw32/nios2-elf/lib\libc.a(lib_a-memmove.o)
 .text.memmove  0x000000000080965c      0x15c c:/intelfpga/18.1/nios2eds/bin/gnu/h-x86_64-mingw32/bin/../lib/gcc/nios2-elf/5.3.0/../../../../../H-x86_64-mingw32/nios2-elf/lib\libc.a(lib_a-memmove.o)
                0x000000000080965c                memmove
 .text          0x00000000008097b8        0x0 c:/intelfpga/18.1/nios2eds/bin/gnu/h-x86_64-mingw32/bin/../lib/gcc/nios2-elf/5.3.0/../../../../../H-x86_64-mingw32/nios2-elf/lib\libc.a(lib_a-readr.o)
 .text._read_r  0x00000000008097b8       0x60 c:/intelfpga/18.1/nios2eds/bin/gnu/h-x86_64-mingw32/bin/../lib/gcc/nios2-elf/5.3.0/../../../../../H-x86_64-mingw32/nios2-elf/lib\libc.a(lib_a-readr.o)
                0x00000000008097b8                _read_r
 .text          0x0000000000809818        0x0 c:/intelfpga/18.1/nios2eds/bin/gnu/h-x86_64-mingw32/bin/../lib/gcc/nios2-elf/5.3.0/../../../../../H-x86_64-mingw32/nios2-elf/lib\libc.a(lib_a-reallocr.o)
 .text._realloc_r
                0x0000000000809818      0x564 c:/intelfpga/18.1/nios2eds/bin/gnu/h-x86_64-mingw32/bin/../lib/gcc/nios2-elf/5.3.0/../../../../../H-x86_64-mingw32/nios2-elf/lib\libc.a(lib_a-reallocr.o)
                0x0000000000809818                _realloc_r
 .text          0x0000000000809d7c        0x0 c:/intelfpga/18.1/nios2eds/bin/gnu/h-x86_64-mingw32/bin/../lib/gcc/nios2-elf/5.3.0/../../../../../H-x86_64-mingw32/nios2-elf/lib\libc.a(lib_a-wbuf.o)
 .text.__swbuf_r
                0x0000000000809d7c      0x140 c:/intelfpga/18.1/nios2eds/bin/gnu/h-x86_64-mingw32/bin/../lib/gcc/nios2-elf/5.3.0/../../../../../H-x86_64-mingw32/nios2-elf/lib\libc.a(lib_a-wbuf.o)
                0x0000000000809d7c                __swbuf_r
 .text.__swbuf  0x0000000000809ebc       0x18 c:/intelfpga/18.1/nios2eds/bin/gnu/h-x86_64-mingw32/bin/../lib/gcc/nios2-elf/5.3.0/../../../../../H-x86_64-mingw32/nios2-elf/lib\libc.a(lib_a-wbuf.o)
                0x0000000000809ebc                __swbuf
 .text          0x0000000000809ed4        0x0 c:/intelfpga/18.1/nios2eds/bin/gnu/h-x86_64-mingw32/bin/../lib/gcc/nios2-elf/5.3.0/../../../../../H-x86_64-mingw32/nios2-elf/lib\libc.a(lib_a-wcrtomb.o)
 .text._wcrtomb_r
                0x0000000000809ed4       0x9c c:/intelfpga/18.1/nios2eds/bin/gnu/h-x86_64-mingw32/bin/../lib/gcc/nios2-elf/5.3.0/../../../../../H-x86_64-mingw32/nios2-elf/lib\libc.a(lib_a-wcrtomb.o)
                0x0000000000809ed4                _wcrtomb_r
 .text.wcrtomb  0x0000000000809f70       0xc0 c:/intelfpga/18.1/nios2eds/bin/gnu/h-x86_64-mingw32/bin/../lib/gcc/nios2-elf/5.3.0/../../../../../H-x86_64-mingw32/nios2-elf/lib\libc.a(lib_a-wcrtomb.o)
                0x0000000000809f70                wcrtomb
 .text          0x000000000080a030        0x0 c:/intelfpga/18.1/nios2eds/bin/gnu/h-x86_64-mingw32/bin/../lib/gcc/nios2-elf/5.3.0/../../../../../H-x86_64-mingw32/nios2-elf/lib\libc.a(lib_a-wctomb_r.o)
 .text.__ascii_wctomb
                0x000000000080a030       0x30 c:/intelfpga/18.1/nios2eds/bin/gnu/h-x86_64-mingw32/bin/../lib/gcc/nios2-elf/5.3.0/../../../../../H-x86_64-mingw32/nios2-elf/lib\libc.a(lib_a-wctomb_r.o)
                0x000000000080a030                __ascii_wctomb
 .text._wctomb_r
                0x000000000080a060       0x5c c:/intelfpga/18.1/nios2eds/bin/gnu/h-x86_64-mingw32/bin/../lib/gcc/nios2-elf/5.3.0/../../../../../H-x86_64-mingw32/nios2-elf/lib\libc.a(lib_a-wctomb_r.o)
                0x000000000080a060                _wctomb_r
 .text          0x000000000080a0bc      0x578 c:/intelfpga/18.1/nios2eds/bin/gnu/h-x86_64-mingw32/bin/../lib/gcc/nios2-elf/5.3.0\libgcc.a(_udivdi3.o)
                0x000000000080a0bc                __udivdi3
 .text          0x000000000080a634      0x538 c:/intelfpga/18.1/nios2eds/bin/gnu/h-x86_64-mingw32/bin/../lib/gcc/nios2-elf/5.3.0\libgcc.a(_umoddi3.o)
                0x000000000080a634                __umoddi3
 .text          0x000000000080ab6c      0x1b4 c:/intelfpga/18.1/nios2eds/bin/gnu/h-x86_64-mingw32/bin/../lib/gcc/nios2-elf/5.3.0\libgcc.a(lib2-divmod.o)
                0x000000000080ab6c                __divsi3
                0x000000000080abf0                __modsi3
                0x000000000080ac64                __udivsi3
                0x000000000080acc8                __umodsi3
 .text          0x000000000080ad20      0x8ac c:/intelfpga/18.1/nios2eds/bin/gnu/h-x86_64-mingw32/bin/../lib/gcc/nios2-elf/5.3.0\libgcc.a(adddf3.o)
                0x000000000080ad20                __adddf3
 .text          0x000000000080b5cc      0x8e8 c:/intelfpga/18.1/nios2eds/bin/gnu/h-x86_64-mingw32/bin/../lib/gcc/nios2-elf/5.3.0\libgcc.a(divdf3.o)
                0x000000000080b5cc                __divdf3
 .text          0x000000000080beb4       0x88 c:/intelfpga/18.1/nios2eds/bin/gnu/h-x86_64-mingw32/bin/../lib/gcc/nios2-elf/5.3.0\libgcc.a(eqdf2.o)
                0x000000000080beb4                __nedf2
                0x000000000080beb4                __eqdf2
 .text          0x000000000080bf3c       0xdc c:/intelfpga/18.1/nios2eds/bin/gnu/h-x86_64-mingw32/bin/../lib/gcc/nios2-elf/5.3.0\libgcc.a(gedf2.o)
                0x000000000080bf3c                __gedf2
                0x000000000080bf3c                __gtdf2
 .text          0x000000000080c018       0xf4 c:/intelfpga/18.1/nios2eds/bin/gnu/h-x86_64-mingw32/bin/../lib/gcc/nios2-elf/5.3.0\libgcc.a(ledf2.o)
                0x000000000080c018                __ledf2
                0x000000000080c018                __ltdf2
 .text          0x000000000080c10c      0x718 c:/intelfpga/18.1/nios2eds/bin/gnu/h-x86_64-mingw32/bin/../lib/gcc/nios2-elf/5.3.0\libgcc.a(muldf3.o)
                0x000000000080c10c                __muldf3
 .text          0x000000000080c824      0x8fc c:/intelfpga/18.1/nios2eds/bin/gnu/h-x86_64-mingw32/bin/../lib/gcc/nios2-elf/5.3.0\libgcc.a(subdf3.o)
                0x000000000080c824                __subdf3
 .text          0x000000000080d120       0x80 c:/intelfpga/18.1/nios2eds/bin/gnu/h-x86_64-mingw32/bin/../lib/gcc/nios2-elf/5.3.0\libgcc.a(fixdfsi.o)
                0x000000000080d120                __fixdfsi
 .text          0x000000000080d1a0       0xdc c:/intelfpga/18.1/nios2eds/bin/gnu/h-x86_64-mingw32/bin/../lib/gcc/nios2-elf/5.3.0\libgcc.a(floatsidf.o)
                0x000000000080d1a0                __floatsidf
 .text          0x000000000080d27c       0xa8 c:/intelfpga/18.1/nios2eds/bin/gnu/h-x86_64-mingw32/bin/../lib/gcc/nios2-elf/5.3.0\libgcc.a(floatunsidf.o)
                0x000000000080d27c                __floatunsidf
 .text          0x000000000080d324        0x0 c:/intelfpga/18.1/nios2eds/bin/gnu/h-x86_64-mingw32/bin/../lib/gcc/nios2-elf/5.3.0\libgcc.a(_clz.o)
 .text          0x000000000080d324       0x64 c:/intelfpga/18.1/nios2eds/bin/gnu/h-x86_64-mingw32/bin/../lib/gcc/nios2-elf/5.3.0\libgcc.a(_clzsi2.o)
                0x000000000080d324                __clzsi2
 .text          0x000000000080d388      0x10c ../hello_lab2_bsp/\libhal_bsp.a(alt_close.o)
                0x000000000080d3c4                close
 .text          0x000000000080d494       0x2c ../hello_lab2_bsp/\libhal_bsp.a(alt_dev.o)
 .text          0x000000000080d4c0        0x0 ../hello_lab2_bsp/\libhal_bsp.a(alt_errno.o)
 .text          0x000000000080d4c0       0xec ../hello_lab2_bsp/\libhal_bsp.a(alt_fstat.o)
                0x000000000080d4fc                fstat
 .text          0x000000000080d5ac      0x180 ../hello_lab2_bsp/\libhal_bsp.a(alt_irq_register.o)
                0x000000000080d5ac                alt_irq_register
 .text          0x000000000080d72c        0x0 ../hello_lab2_bsp/\libhal_bsp.a(alt_irq_vars.o)
 .text          0x000000000080d72c       0xe0 ../hello_lab2_bsp/\libhal_bsp.a(alt_isatty.o)
                0x000000000080d768                isatty
 .text          0x000000000080d80c       0xec ../hello_lab2_bsp/\libhal_bsp.a(alt_load.o)
                0x000000000080d874                alt_load
 .text          0x000000000080d8f8      0x110 ../hello_lab2_bsp/\libhal_bsp.a(alt_lseek.o)
                0x000000000080d934                lseek
 .text          0x000000000080da08       0x7c ../hello_lab2_bsp/\libhal_bsp.a(alt_main.o)
                0x000000000080da08                alt_main
 .text          0x000000000080da84       0x48 ../hello_lab2_bsp/\libhal_bsp.a(alt_malloc_lock.o)
                0x000000000080da84                __malloc_lock
                0x000000000080daa8                __malloc_unlock
 .text          0x000000000080dacc      0x138 ../hello_lab2_bsp/\libhal_bsp.a(alt_read.o)
                0x000000000080db08                read
 .text          0x000000000080dc04       0x64 ../hello_lab2_bsp/\libhal_bsp.a(alt_release_fd.o)
                0x000000000080dc04                alt_release_fd
 .text          0x000000000080dc68       0xb0 ../hello_lab2_bsp/\libhal_bsp.a(alt_sbrk.o)
                0x000000000080dc68                sbrk
 .text          0x000000000080dd18      0x134 ../hello_lab2_bsp/\libhal_bsp.a(alt_write.o)
                0x000000000080dd54                write
 .text          0x000000000080de4c      0x104 ../hello_lab2_bsp/\libhal_bsp.a(alt_sys_init.o)
                0x000000000080de80                alt_irq_init
                0x000000000080deb8                alt_sys_init
 .text          0x000000000080df50      0x164 ../hello_lab2_bsp/\libhal_bsp.a(altera_avalon_jtag_uart_fd.o)
                0x000000000080df50                altera_avalon_jtag_uart_read_fd
                0x000000000080dfb0                altera_avalon_jtag_uart_write_fd
                0x000000000080e010                altera_avalon_jtag_uart_close_fd
                0x000000000080e060                altera_avalon_jtag_uart_ioctl_fd
 .text          0x000000000080e0b4      0x3d4 ../hello_lab2_bsp/\libhal_bsp.a(altera_avalon_jtag_uart_init.o)
                0x000000000080e0b4                altera_avalon_jtag_uart_init
                0x000000000080e420                altera_avalon_jtag_uart_close
 .text          0x000000000080e488       0xf0 ../hello_lab2_bsp/\libhal_bsp.a(altera_avalon_jtag_uart_ioctl.o)
                0x000000000080e488                altera_avalon_jtag_uart_ioctl
 .text          0x000000000080e578      0x21c ../hello_lab2_bsp/\libhal_bsp.a(altera_avalon_jtag_uart_read.o)
                0x000000000080e578                altera_avalon_jtag_uart_read
 .text          0x000000000080e794      0x224 ../hello_lab2_bsp/\libhal_bsp.a(altera_avalon_jtag_uart_write.o)
                0x000000000080e794                altera_avalon_jtag_uart_write
 .text          0x000000000080e9b8      0xe7c ../hello_lab2_bsp/\libhal_bsp.a(altera_avalon_lcd_16207.o)
                0x000000000080f17c                altera_avalon_lcd_16207_write
                0x000000000080f700                altera_avalon_lcd_16207_init
 .text          0x000000000080f834       0x60 ../hello_lab2_bsp/\libhal_bsp.a(altera_avalon_lcd_16207_fd.o)
                0x000000000080f834                altera_avalon_lcd_16207_write_fd
 .text          0x000000000080f894       0xf4 ../hello_lab2_bsp/\libhal_bsp.a(altera_avalon_timer_sc.o)
                0x000000000080f90c                alt_avalon_timer_sc_init
 .text          0x000000000080f988      0x110 ../hello_lab2_bsp/\libhal_bsp.a(altera_avalon_uart_fd.o)
                0x000000000080f988                altera_avalon_uart_read_fd
                0x000000000080f9e8                altera_avalon_uart_write_fd
                0x000000000080fa48                altera_avalon_uart_close_fd
 .text          0x000000000080fa98      0x3c8 ../hello_lab2_bsp/\libhal_bsp.a(altera_avalon_uart_init.o)
                0x000000000080fa98                altera_avalon_uart_init
                0x000000000080fe0c                altera_avalon_uart_close
 .text          0x000000000080fe60      0x218 ../hello_lab2_bsp/\libhal_bsp.a(altera_avalon_uart_read.o)
                0x000000000080fe9c                altera_avalon_uart_read
 .text          0x0000000000810078      0x1e8 ../hello_lab2_bsp/\libhal_bsp.a(altera_avalon_uart_write.o)
                0x00000000008100b4                altera_avalon_uart_write
 .text          0x0000000000810260      0x12c ../hello_lab2_bsp/\libhal_bsp.a(alt_alarm_start.o)
                0x0000000000810260                alt_alarm_start
 .text          0x000000000081038c       0x48 ../hello_lab2_bsp/\libhal_bsp.a(alt_dcache_flush_all.o)
                0x000000000081038c                alt_dcache_flush_all
 .text          0x00000000008103d4       0xe0 ../hello_lab2_bsp/\libhal_bsp.a(alt_dev_llist_insert.o)
                0x0000000000810410                alt_dev_llist_insert
 .text          0x00000000008104b4       0x60 ../hello_lab2_bsp/\libhal_bsp.a(alt_do_ctors.o)
                0x00000000008104b4                _do_ctors
 .text          0x0000000000810514       0x60 ../hello_lab2_bsp/\libhal_bsp.a(alt_do_dtors.o)
                0x0000000000810514                _do_dtors
 .text          0x0000000000810574       0x34 ../hello_lab2_bsp/\libhal_bsp.a(alt_icache_flush_all.o)
                0x0000000000810574                alt_icache_flush_all
 .text          0x00000000008105a8      0x1b0 ../hello_lab2_bsp/\libhal_bsp.a(alt_iic.o)
                0x00000000008105a8                alt_ic_isr_register
                0x00000000008105f8                alt_ic_irq_enable
                0x0000000000810680                alt_ic_irq_disable
                0x000000000081070c                alt_ic_irq_enabled
 .text          0x0000000000810758       0xf0 ../hello_lab2_bsp/\libhal_bsp.a(alt_iic_isr_register.o)
                0x0000000000810758                alt_iic_isr_register
 .text          0x0000000000810848      0x140 ../hello_lab2_bsp/\libhal_bsp.a(alt_io_redirect.o)
                0x000000000081090c                alt_io_redirect
 .text          0x0000000000810988        0x0 ../hello_lab2_bsp/\libhal_bsp.a(alt_irq_entry.o)
 .text          0x0000000000810988        0x0 ../hello_lab2_bsp/\libhal_bsp.a(alt_irq_handler.o)
 .text          0x0000000000810988      0x254 ../hello_lab2_bsp/\libhal_bsp.a(alt_open.o)
                0x0000000000810a88                open
 .text          0x0000000000810bdc      0x1a4 ../hello_lab2_bsp/\libhal_bsp.a(alt_tick.o)
                0x0000000000810bdc                alt_alarm_stop
                0x0000000000810c78                alt_tick
 .text          0x0000000000810d80       0x30 ../hello_lab2_bsp/\libhal_bsp.a(alt_usleep.o)
                0x0000000000810d80                usleep
 .text          0x0000000000810db0       0x24 ../hello_lab2_bsp/\libhal_bsp.a(altera_nios2_gen2_irq.o)
                0x0000000000810db0                altera_nios2_gen2_irq_init
 .text          0x0000000000810dd4      0x158 ../hello_lab2_bsp/\libhal_bsp.a(alt_busy_sleep.o)
                0x0000000000810dd4                alt_busy_sleep
 .text          0x0000000000810f2c        0x0 ../hello_lab2_bsp/\libhal_bsp.a(alt_exception_entry.o)
 .text          0x0000000000810f2c       0x90 ../hello_lab2_bsp/\libhal_bsp.a(alt_find_dev.o)
                0x0000000000810f2c                alt_find_dev
 .text          0x0000000000810fbc      0x108 ../hello_lab2_bsp/\libhal_bsp.a(alt_find_file.o)
                0x0000000000810fbc                alt_find_file
 .text          0x00000000008110c4       0xa4 ../hello_lab2_bsp/\libhal_bsp.a(alt_get_fd.o)
                0x00000000008110c4                alt_get_fd
 .text          0x0000000000811168       0x90 ../hello_lab2_bsp/\libhal_bsp.a(alt_icache_flush.o)
                0x0000000000811168                alt_icache_flush
 .text          0x00000000008111f8       0x9c ../hello_lab2_bsp/\libhal_bsp.a(alt_instruction_exception_entry.o)
                0x00000000008111f8                alt_exception_cause_generated_bad_addr
 .text          0x0000000000811294        0x0 c:/intelfpga/18.1/nios2eds/bin/gnu/h-x86_64-mingw32/bin/../lib/gcc/nios2-elf/5.3.0/../../../../../H-x86_64-mingw32/nios2-elf/lib\libc.a(lib_a-atexit.o)
 .text.atexit   0x0000000000811294       0x14 c:/intelfpga/18.1/nios2eds/bin/gnu/h-x86_64-mingw32/bin/../lib/gcc/nios2-elf/5.3.0/../../../../../H-x86_64-mingw32/nios2-elf/lib\libc.a(lib_a-atexit.o)
                0x0000000000811294                atexit
 .text          0x00000000008112a8        0x0 c:/intelfpga/18.1/nios2eds/bin/gnu/h-x86_64-mingw32/bin/../lib/gcc/nios2-elf/5.3.0/../../../../../H-x86_64-mingw32/nios2-elf/lib\libc.a(lib_a-ctype_.o)
 .text          0x00000000008112a8        0x0 c:/intelfpga/18.1/nios2eds/bin/gnu/h-x86_64-mingw32/bin/../lib/gcc/nios2-elf/5.3.0/../../../../../H-x86_64-mingw32/nios2-elf/lib\libc.a(lib_a-exit.o)
 .text.exit     0x00000000008112a8       0x38 c:/intelfpga/18.1/nios2eds/bin/gnu/h-x86_64-mingw32/bin/../lib/gcc/nios2-elf/5.3.0/../../../../../H-x86_64-mingw32/nios2-elf/lib\libc.a(lib_a-exit.o)
                0x00000000008112a8                exit
 .text          0x00000000008112e0        0x0 c:/intelfpga/18.1/nios2eds/bin/gnu/h-x86_64-mingw32/bin/../lib/gcc/nios2-elf/5.3.0/../../../../../H-x86_64-mingw32/nios2-elf/lib\libc.a(lib_a-memcmp.o)
 .text.memcmp   0x00000000008112e0       0x7c c:/intelfpga/18.1/nios2eds/bin/gnu/h-x86_64-mingw32/bin/../lib/gcc/nios2-elf/5.3.0/../../../../../H-x86_64-mingw32/nios2-elf/lib\libc.a(lib_a-memcmp.o)
                0x00000000008112e0                memcmp
 .text          0x000000000081135c        0x0 c:/intelfpga/18.1/nios2eds/bin/gnu/h-x86_64-mingw32/bin/../lib/gcc/nios2-elf/5.3.0/../../../../../H-x86_64-mingw32/nios2-elf/lib\libc.a(lib_a-__atexit.o)
 .text.__register_exitproc
                0x000000000081135c      0x118 c:/intelfpga/18.1/nios2eds/bin/gnu/h-x86_64-mingw32/bin/../lib/gcc/nios2-elf/5.3.0/../../../../../H-x86_64-mingw32/nios2-elf/lib\libc.a(lib_a-__atexit.o)
                0x000000000081135c                __register_exitproc
 .text          0x0000000000811474        0x0 c:/intelfpga/18.1/nios2eds/bin/gnu/h-x86_64-mingw32/bin/../lib/gcc/nios2-elf/5.3.0/../../../../../H-x86_64-mingw32/nios2-elf/lib\libc.a(lib_a-__call_atexit.o)
 .text.__call_exitprocs
                0x0000000000811474      0x180 c:/intelfpga/18.1/nios2eds/bin/gnu/h-x86_64-mingw32/bin/../lib/gcc/nios2-elf/5.3.0/../../../../../H-x86_64-mingw32/nios2-elf/lib\libc.a(lib_a-__call_atexit.o)
                0x0000000000811474                __call_exitprocs
 .text          0x00000000008115f4       0x34 ../hello_lab2_bsp/\libhal_bsp.a(alt_exit.o)
                0x00000000008115f4                _exit
 *(.gnu.warning.*)
 *(.fini)
                [!provide]                        PROVIDE (__etext, ABSOLUTE (.))
                [!provide]                        PROVIDE (_etext, ABSOLUTE (.))
                [!provide]                        PROVIDE (etext, ABSOLUTE (.))
 *(.eh_frame_hdr)
                0x0000000000811628                . = ALIGN (0x4)
                [!provide]                        PROVIDE (__preinit_array_start, ABSOLUTE (.))
 *(.preinit_array)
                [!provide]                        PROVIDE (__preinit_array_end, ABSOLUTE (.))
                [!provide]                        PROVIDE (__init_array_start, ABSOLUTE (.))
 *(.init_array)
                [!provide]                        PROVIDE (__init_array_end, ABSOLUTE (.))
                [!provide]                        PROVIDE (__fini_array_start, ABSOLUTE (.))
 *(.fini_array)
                [!provide]                        PROVIDE (__fini_array_end, ABSOLUTE (.))
 *(.eh_frame)
 *(.gcc_except_table .gcc_except_table.*)
 *(.dynamic)
                0x0000000000811628                PROVIDE (__CTOR_LIST__, ABSOLUTE (.))
 *(.ctors)
 *(SORT(.ctors.*))
                0x0000000000811628                PROVIDE (__CTOR_END__, ABSOLUTE (.))
                0x0000000000811628                PROVIDE (__DTOR_LIST__, ABSOLUTE (.))
 *(.dtors)
 *(SORT(.dtors.*))
                0x0000000000811628                PROVIDE (__DTOR_END__, ABSOLUTE (.))
 *(.jcr)
                0x0000000000811628                . = ALIGN (0x4)

.rodata         0x0000000000811628      0x598
                0x0000000000811628                PROVIDE (__ram_rodata_start, ABSOLUTE (.))
                0x0000000000811628                . = ALIGN (0x4)
 *(.rodata .rodata.* .gnu.linkonce.r.*)
 .rodata        0x0000000000811628        0xb obj/default/hello_world.o
 *fill*         0x0000000000811633        0x1 
 .rodata.str1.4
                0x0000000000811634       0x42 c:/intelfpga/18.1/nios2eds/bin/gnu/h-x86_64-mingw32/bin/../lib/gcc/nios2-elf/5.3.0/../../../../../H-x86_64-mingw32/nios2-elf/lib\libc.a(lib_a-vfprintf.o)
 .rodata.zeroes.4404
                0x0000000000811676       0x10 c:/intelfpga/18.1/nios2eds/bin/gnu/h-x86_64-mingw32/bin/../lib/gcc/nios2-elf/5.3.0/../../../../../H-x86_64-mingw32/nios2-elf/lib\libc.a(lib_a-vfprintf.o)
 .rodata.blanks.4403
                0x0000000000811686       0x10 c:/intelfpga/18.1/nios2eds/bin/gnu/h-x86_64-mingw32/bin/../lib/gcc/nios2-elf/5.3.0/../../../../../H-x86_64-mingw32/nios2-elf/lib\libc.a(lib_a-vfprintf.o)
 *fill*         0x0000000000811696        0x2 
 .rodata.str1.4
                0x0000000000811698       0x10 c:/intelfpga/18.1/nios2eds/bin/gnu/h-x86_64-mingw32/bin/../lib/gcc/nios2-elf/5.3.0/../../../../../H-x86_64-mingw32/nios2-elf/lib\libc.a(lib_a-dtoa.o)
                                         0x12 (size before relaxing)
 .rodata.str1.4
                0x00000000008116a8        0x2 c:/intelfpga/18.1/nios2eds/bin/gnu/h-x86_64-mingw32/bin/../lib/gcc/nios2-elf/5.3.0/../../../../../H-x86_64-mingw32/nios2-elf/lib\libc.a(lib_a-impure.o)
 *fill*         0x00000000008116aa        0x2 
 .rodata.str1.4
                0x00000000008116ac        0xc c:/intelfpga/18.1/nios2eds/bin/gnu/h-x86_64-mingw32/bin/../lib/gcc/nios2-elf/5.3.0/../../../../../H-x86_64-mingw32/nios2-elf/lib\libc.a(lib_a-locale.o)
                                         0x12 (size before relaxing)
 .rodata.p05.2768
                0x00000000008116b8        0xc c:/intelfpga/18.1/nios2eds/bin/gnu/h-x86_64-mingw32/bin/../lib/gcc/nios2-elf/5.3.0/../../../../../H-x86_64-mingw32/nios2-elf/lib\libc.a(lib_a-mprec.o)
 .rodata.__mprec_tinytens
                0x00000000008116c4       0x28 c:/intelfpga/18.1/nios2eds/bin/gnu/h-x86_64-mingw32/bin/../lib/gcc/nios2-elf/5.3.0/../../../../../H-x86_64-mingw32/nios2-elf/lib\libc.a(lib_a-mprec.o)
                0x00000000008116c4                __mprec_tinytens
 .rodata.__mprec_bigtens
                0x00000000008116ec       0x28 c:/intelfpga/18.1/nios2eds/bin/gnu/h-x86_64-mingw32/bin/../lib/gcc/nios2-elf/5.3.0/../../../../../H-x86_64-mingw32/nios2-elf/lib\libc.a(lib_a-mprec.o)
                0x00000000008116ec                __mprec_bigtens
 .rodata.__mprec_tens
                0x0000000000811714       0xc8 c:/intelfpga/18.1/nios2eds/bin/gnu/h-x86_64-mingw32/bin/../lib/gcc/nios2-elf/5.3.0/../../../../../H-x86_64-mingw32/nios2-elf/lib\libc.a(lib_a-mprec.o)
                0x0000000000811714                __mprec_tens
 .rodata.str1.4
                0x00000000008117dc       0x2f c:/intelfpga/18.1/nios2eds/bin/gnu/h-x86_64-mingw32/bin/../lib/gcc/nios2-elf/5.3.0/../../../../../H-x86_64-mingw32/nios2-elf/lib\libc.a(lib_a-vfiprintf.o)
 .rodata.zeroes.4349
                0x00000000008117dc       0x10 c:/intelfpga/18.1/nios2eds/bin/gnu/h-x86_64-mingw32/bin/../lib/gcc/nios2-elf/5.3.0/../../../../../H-x86_64-mingw32/nios2-elf/lib\libc.a(lib_a-vfiprintf.o)
 .rodata.blanks.4348
                0x00000000008117ec       0x10 c:/intelfpga/18.1/nios2eds/bin/gnu/h-x86_64-mingw32/bin/../lib/gcc/nios2-elf/5.3.0/../../../../../H-x86_64-mingw32/nios2-elf/lib\libc.a(lib_a-vfiprintf.o)
 .rodata        0x00000000008117fc      0x100 c:/intelfpga/18.1/nios2eds/bin/gnu/h-x86_64-mingw32/bin/../lib/gcc/nios2-elf/5.3.0\libgcc.a(_clz.o)
                0x00000000008117fc                __clz_tab
 .rodata        0x00000000008118fc        0xa ../hello_lab2_bsp/\libhal_bsp.a(alt_dev.o)
 *fill*         0x0000000000811906        0x2 
 .rodata        0x0000000000811908        0xf ../hello_lab2_bsp/\libhal_bsp.a(alt_main.o)
 *fill*         0x0000000000811917        0x1 
 .rodata        0x0000000000811918       0x26 ../hello_lab2_bsp/\libhal_bsp.a(alt_sys_init.o)
 .rodata._ctype_
                0x000000000081193e      0x101 c:/intelfpga/18.1/nios2eds/bin/gnu/h-x86_64-mingw32/bin/../lib/gcc/nios2-elf/5.3.0/../../../../../H-x86_64-mingw32/nios2-elf/lib\libc.a(lib_a-ctype_.o)
                0x000000000081193e                _ctype_
 .rodata._ctype_b
                0x0000000000811a3f      0x180 c:/intelfpga/18.1/nios2eds/bin/gnu/h-x86_64-mingw32/bin/../lib/gcc/nios2-elf/5.3.0/../../../../../H-x86_64-mingw32/nios2-elf/lib\libc.a(lib_a-ctype_.o)
 *(.rodata1)
                0x0000000000811bc0                . = ALIGN (0x4)
 *fill*         0x0000000000811bbf        0x1 
                0x0000000000811bc0                PROVIDE (__ram_rodata_end, ABSOLUTE (.))
                0x0000000000811628                PROVIDE (__flash_rodata_start, LOADADDR (.rodata))

.rwdata         0x0000000000811bc0     0x1cd8 load address 0x0000000000813898
                0x0000000000811bc0                PROVIDE (__ram_rwdata_start, ABSOLUTE (.))
                0x0000000000811bc0                . = ALIGN (0x4)
 *(.got.plt)
 *(.got)
 *(.data1)
 *(.data .data.* .gnu.linkonce.d.*)
 .data          0x0000000000811bc0        0x0 ../hello_lab2_bsp//obj/HAL/src/crt0.o
 .data          0x0000000000811bc0        0x0 obj/default/SCC_Charts.o
 .data          0x0000000000811bc0        0x0 obj/default/hello_world.o
 .data          0x0000000000811bc0        0x0 c:/intelfpga/18.1/nios2eds/bin/gnu/h-x86_64-mingw32/bin/../lib/gcc/nios2-elf/5.3.0/../../../../../H-x86_64-mingw32/nios2-elf/lib\libc.a(lib_a-printf.o)
 .data          0x0000000000811bc0        0x0 c:/intelfpga/18.1/nios2eds/bin/gnu/h-x86_64-mingw32/bin/../lib/gcc/nios2-elf/5.3.0/../../../../../H-x86_64-mingw32/nios2-elf/lib\libc.a(lib_a-vfprintf.o)
 .data          0x0000000000811bc0        0x0 c:/intelfpga/18.1/nios2eds/bin/gnu/h-x86_64-mingw32/bin/../lib/gcc/nios2-elf/5.3.0/../../../../../H-x86_64-mingw32/nios2-elf/lib\libc.a(lib_a-wsetup.o)
 .data          0x0000000000811bc0        0x0 c:/intelfpga/18.1/nios2eds/bin/gnu/h-x86_64-mingw32/bin/../lib/gcc/nios2-elf/5.3.0/../../../../../H-x86_64-mingw32/nios2-elf/lib\libc.a(lib_a-dtoa.o)
 .data          0x0000000000811bc0        0x0 c:/intelfpga/18.1/nios2eds/bin/gnu/h-x86_64-mingw32/bin/../lib/gcc/nios2-elf/5.3.0/../../../../../H-x86_64-mingw32/nios2-elf/lib\libc.a(lib_a-fflush.o)
 .data          0x0000000000811bc0        0x0 c:/intelfpga/18.1/nios2eds/bin/gnu/h-x86_64-mingw32/bin/../lib/gcc/nios2-elf/5.3.0/../../../../../H-x86_64-mingw32/nios2-elf/lib\libc.a(lib_a-findfp.o)
 .data          0x0000000000811bc0        0x0 c:/intelfpga/18.1/nios2eds/bin/gnu/h-x86_64-mingw32/bin/../lib/gcc/nios2-elf/5.3.0/../../../../../H-x86_64-mingw32/nios2-elf/lib\libc.a(lib_a-freer.o)
 .data          0x0000000000811bc0        0x0 c:/intelfpga/18.1/nios2eds/bin/gnu/h-x86_64-mingw32/bin/../lib/gcc/nios2-elf/5.3.0/../../../../../H-x86_64-mingw32/nios2-elf/lib\libc.a(lib_a-fwalk.o)
 .data          0x0000000000811bc0        0x0 c:/intelfpga/18.1/nios2eds/bin/gnu/h-x86_64-mingw32/bin/../lib/gcc/nios2-elf/5.3.0/../../../../../H-x86_64-mingw32/nios2-elf/lib\libc.a(lib_a-impure.o)
 .data.impure_data
                0x0000000000811bc0      0x424 c:/intelfpga/18.1/nios2eds/bin/gnu/h-x86_64-mingw32/bin/../lib/gcc/nios2-elf/5.3.0/../../../../../H-x86_64-mingw32/nios2-elf/lib\libc.a(lib_a-impure.o)
 .data          0x0000000000811fe4        0x0 c:/intelfpga/18.1/nios2eds/bin/gnu/h-x86_64-mingw32/bin/../lib/gcc/nios2-elf/5.3.0/../../../../../H-x86_64-mingw32/nios2-elf/lib\libc.a(lib_a-locale.o)
 .data.lc_message_charset
                0x0000000000811fe4       0x20 c:/intelfpga/18.1/nios2eds/bin/gnu/h-x86_64-mingw32/bin/../lib/gcc/nios2-elf/5.3.0/../../../../../H-x86_64-mingw32/nios2-elf/lib\libc.a(lib_a-locale.o)
 .data.lc_ctype_charset
                0x0000000000812004       0x20 c:/intelfpga/18.1/nios2eds/bin/gnu/h-x86_64-mingw32/bin/../lib/gcc/nios2-elf/5.3.0/../../../../../H-x86_64-mingw32/nios2-elf/lib\libc.a(lib_a-locale.o)
 .data.lconv    0x0000000000812024       0x38 c:/intelfpga/18.1/nios2eds/bin/gnu/h-x86_64-mingw32/bin/../lib/gcc/nios2-elf/5.3.0/../../../../../H-x86_64-mingw32/nios2-elf/lib\libc.a(lib_a-locale.o)
 .data          0x000000000081205c        0x0 c:/intelfpga/18.1/nios2eds/bin/gnu/h-x86_64-mingw32/bin/../lib/gcc/nios2-elf/5.3.0/../../../../../H-x86_64-mingw32/nios2-elf/lib\libc.a(lib_a-makebuf.o)
 .data          0x000000000081205c        0x0 c:/intelfpga/18.1/nios2eds/bin/gnu/h-x86_64-mingw32/bin/../lib/gcc/nios2-elf/5.3.0/../../../../../H-x86_64-mingw32/nios2-elf/lib\libc.a(lib_a-mallocr.o)
 .data.__malloc_av_
                0x000000000081205c      0x408 c:/intelfpga/18.1/nios2eds/bin/gnu/h-x86_64-mingw32/bin/../lib/gcc/nios2-elf/5.3.0/../../../../../H-x86_64-mingw32/nios2-elf/lib\libc.a(lib_a-mallocr.o)
                0x000000000081205c                __malloc_av_
 .data          0x0000000000812464        0x0 c:/intelfpga/18.1/nios2eds/bin/gnu/h-x86_64-mingw32/bin/../lib/gcc/nios2-elf/5.3.0/../../../../../H-x86_64-mingw32/nios2-elf/lib\libc.a(lib_a-memchr.o)
 .data          0x0000000000812464        0x0 c:/intelfpga/18.1/nios2eds/bin/gnu/h-x86_64-mingw32/bin/../lib/gcc/nios2-elf/5.3.0/../../../../../H-x86_64-mingw32/nios2-elf/lib\libc.a(lib_a-memcpy.o)
 .data          0x0000000000812464        0x0 c:/intelfpga/18.1/nios2eds/bin/gnu/h-x86_64-mingw32/bin/../lib/gcc/nios2-elf/5.3.0/../../../../../H-x86_64-mingw32/nios2-elf/lib\libc.a(lib_a-memset.o)
 .data          0x0000000000812464        0x0 c:/intelfpga/18.1/nios2eds/bin/gnu/h-x86_64-mingw32/bin/../lib/gcc/nios2-elf/5.3.0/../../../../../H-x86_64-mingw32/nios2-elf/lib\libc.a(lib_a-mprec.o)
 .data          0x0000000000812464        0x0 c:/intelfpga/18.1/nios2eds/bin/gnu/h-x86_64-mingw32/bin/../lib/gcc/nios2-elf/5.3.0/../../../../../H-x86_64-mingw32/nios2-elf/lib\libc.a(lib_a-s_fpclassify.o)
 .data          0x0000000000812464        0x0 c:/intelfpga/18.1/nios2eds/bin/gnu/h-x86_64-mingw32/bin/../lib/gcc/nios2-elf/5.3.0/../../../../../H-x86_64-mingw32/nios2-elf/lib\libc.a(lib_a-sbrkr.o)
 .data          0x0000000000812464        0x0 c:/intelfpga/18.1/nios2eds/bin/gnu/h-x86_64-mingw32/bin/../lib/gcc/nios2-elf/5.3.0/../../../../../H-x86_64-mingw32/nios2-elf/lib\libc.a(lib_a-stdio.o)
 .data          0x0000000000812464        0x0 c:/intelfpga/18.1/nios2eds/bin/gnu/h-x86_64-mingw32/bin/../lib/gcc/nios2-elf/5.3.0/../../../../../H-x86_64-mingw32/nios2-elf/lib\libc.a(lib_a-strcmp.o)
 .data          0x0000000000812464        0x0 c:/intelfpga/18.1/nios2eds/bin/gnu/h-x86_64-mingw32/bin/../lib/gcc/nios2-elf/5.3.0/../../../../../H-x86_64-mingw32/nios2-elf/lib\libc.a(lib_a-strlen.o)
 .data          0x0000000000812464        0x0 c:/intelfpga/18.1/nios2eds/bin/gnu/h-x86_64-mingw32/bin/../lib/gcc/nios2-elf/5.3.0/../../../../../H-x86_64-mingw32/nios2-elf/lib\libc.a(lib_a-vfiprintf.o)
 .data          0x0000000000812464        0x0 c:/intelfpga/18.1/nios2eds/bin/gnu/h-x86_64-mingw32/bin/../lib/gcc/nios2-elf/5.3.0/../../../../../H-x86_64-mingw32/nios2-elf/lib\libc.a(lib_a-writer.o)
 .data          0x0000000000812464        0x0 c:/intelfpga/18.1/nios2eds/bin/gnu/h-x86_64-mingw32/bin/../lib/gcc/nios2-elf/5.3.0/../../../../../H-x86_64-mingw32/nios2-elf/lib\libc.a(closer.o)
 .data          0x0000000000812464        0x0 c:/intelfpga/18.1/nios2eds/bin/gnu/h-x86_64-mingw32/bin/../lib/gcc/nios2-elf/5.3.0/../../../../../H-x86_64-mingw32/nios2-elf/lib\libc.a(lib_a-callocr.o)
 .data          0x0000000000812464        0x0 c:/intelfpga/18.1/nios2eds/bin/gnu/h-x86_64-mingw32/bin/../lib/gcc/nios2-elf/5.3.0/../../../../../H-x86_64-mingw32/nios2-elf/lib\libc.a(lib_a-fclose.o)
 .data          0x0000000000812464        0x0 c:/intelfpga/18.1/nios2eds/bin/gnu/h-x86_64-mingw32/bin/../lib/gcc/nios2-elf/5.3.0/../../../../../H-x86_64-mingw32/nios2-elf/lib\libc.a(lib_a-fputwc.o)
 .data          0x0000000000812464        0x0 c:/intelfpga/18.1/nios2eds/bin/gnu/h-x86_64-mingw32/bin/../lib/gcc/nios2-elf/5.3.0/../../../../../H-x86_64-mingw32/nios2-elf/lib\libc.a(lib_a-fstatr.o)
 .data          0x0000000000812464        0x0 c:/intelfpga/18.1/nios2eds/bin/gnu/h-x86_64-mingw32/bin/../lib/gcc/nios2-elf/5.3.0/../../../../../H-x86_64-mingw32/nios2-elf/lib\libc.a(lib_a-fvwrite.o)
 .data          0x0000000000812464        0x0 c:/intelfpga/18.1/nios2eds/bin/gnu/h-x86_64-mingw32/bin/../lib/gcc/nios2-elf/5.3.0/../../../../../H-x86_64-mingw32/nios2-elf/lib\libc.a(lib_a-int_errno.o)
 .data          0x0000000000812464        0x0 c:/intelfpga/18.1/nios2eds/bin/gnu/h-x86_64-mingw32/bin/../lib/gcc/nios2-elf/5.3.0/../../../../../H-x86_64-mingw32/nios2-elf/lib\libc.a(lib_a-isattyr.o)
 .data          0x0000000000812464        0x0 c:/intelfpga/18.1/nios2eds/bin/gnu/h-x86_64-mingw32/bin/../lib/gcc/nios2-elf/5.3.0/../../../../../H-x86_64-mingw32/nios2-elf/lib\libc.a(lib_a-lseekr.o)
 .data          0x0000000000812464        0x0 c:/intelfpga/18.1/nios2eds/bin/gnu/h-x86_64-mingw32/bin/../lib/gcc/nios2-elf/5.3.0/../../../../../H-x86_64-mingw32/nios2-elf/lib\libc.a(lib_a-memmove.o)
 .data          0x0000000000812464        0x0 c:/intelfpga/18.1/nios2eds/bin/gnu/h-x86_64-mingw32/bin/../lib/gcc/nios2-elf/5.3.0/../../../../../H-x86_64-mingw32/nios2-elf/lib\libc.a(lib_a-readr.o)
 .data          0x0000000000812464        0x0 c:/intelfpga/18.1/nios2eds/bin/gnu/h-x86_64-mingw32/bin/../lib/gcc/nios2-elf/5.3.0/../../../../../H-x86_64-mingw32/nios2-elf/lib\libc.a(lib_a-reallocr.o)
 .data          0x0000000000812464        0x0 c:/intelfpga/18.1/nios2eds/bin/gnu/h-x86_64-mingw32/bin/../lib/gcc/nios2-elf/5.3.0/../../../../../H-x86_64-mingw32/nios2-elf/lib\libc.a(lib_a-wbuf.o)
 .data          0x0000000000812464        0x0 c:/intelfpga/18.1/nios2eds/bin/gnu/h-x86_64-mingw32/bin/../lib/gcc/nios2-elf/5.3.0/../../../../../H-x86_64-mingw32/nios2-elf/lib\libc.a(lib_a-wcrtomb.o)
 .data          0x0000000000812464        0x0 c:/intelfpga/18.1/nios2eds/bin/gnu/h-x86_64-mingw32/bin/../lib/gcc/nios2-elf/5.3.0/../../../../../H-x86_64-mingw32/nios2-elf/lib\libc.a(lib_a-wctomb_r.o)
 .data          0x0000000000812464        0x0 c:/intelfpga/18.1/nios2eds/bin/gnu/h-x86_64-mingw32/bin/../lib/gcc/nios2-elf/5.3.0\libgcc.a(_udivdi3.o)
 .data          0x0000000000812464        0x0 c:/intelfpga/18.1/nios2eds/bin/gnu/h-x86_64-mingw32/bin/../lib/gcc/nios2-elf/5.3.0\libgcc.a(_umoddi3.o)
 .data          0x0000000000812464        0x0 c:/intelfpga/18.1/nios2eds/bin/gnu/h-x86_64-mingw32/bin/../lib/gcc/nios2-elf/5.3.0\libgcc.a(lib2-divmod.o)
 .data          0x0000000000812464        0x0 c:/intelfpga/18.1/nios2eds/bin/gnu/h-x86_64-mingw32/bin/../lib/gcc/nios2-elf/5.3.0\libgcc.a(adddf3.o)
 .data          0x0000000000812464        0x0 c:/intelfpga/18.1/nios2eds/bin/gnu/h-x86_64-mingw32/bin/../lib/gcc/nios2-elf/5.3.0\libgcc.a(divdf3.o)
 .data          0x0000000000812464        0x0 c:/intelfpga/18.1/nios2eds/bin/gnu/h-x86_64-mingw32/bin/../lib/gcc/nios2-elf/5.3.0\libgcc.a(eqdf2.o)
 .data          0x0000000000812464        0x0 c:/intelfpga/18.1/nios2eds/bin/gnu/h-x86_64-mingw32/bin/../lib/gcc/nios2-elf/5.3.0\libgcc.a(gedf2.o)
 .data          0x0000000000812464        0x0 c:/intelfpga/18.1/nios2eds/bin/gnu/h-x86_64-mingw32/bin/../lib/gcc/nios2-elf/5.3.0\libgcc.a(ledf2.o)
 .data          0x0000000000812464        0x0 c:/intelfpga/18.1/nios2eds/bin/gnu/h-x86_64-mingw32/bin/../lib/gcc/nios2-elf/5.3.0\libgcc.a(muldf3.o)
 .data          0x0000000000812464        0x0 c:/intelfpga/18.1/nios2eds/bin/gnu/h-x86_64-mingw32/bin/../lib/gcc/nios2-elf/5.3.0\libgcc.a(subdf3.o)
 .data          0x0000000000812464        0x0 c:/intelfpga/18.1/nios2eds/bin/gnu/h-x86_64-mingw32/bin/../lib/gcc/nios2-elf/5.3.0\libgcc.a(fixdfsi.o)
 .data          0x0000000000812464        0x0 c:/intelfpga/18.1/nios2eds/bin/gnu/h-x86_64-mingw32/bin/../lib/gcc/nios2-elf/5.3.0\libgcc.a(floatsidf.o)
 .data          0x0000000000812464        0x0 c:/intelfpga/18.1/nios2eds/bin/gnu/h-x86_64-mingw32/bin/../lib/gcc/nios2-elf/5.3.0\libgcc.a(floatunsidf.o)
 .data          0x0000000000812464        0x0 c:/intelfpga/18.1/nios2eds/bin/gnu/h-x86_64-mingw32/bin/../lib/gcc/nios2-elf/5.3.0\libgcc.a(_clz.o)
 .data          0x0000000000812464        0x0 c:/intelfpga/18.1/nios2eds/bin/gnu/h-x86_64-mingw32/bin/../lib/gcc/nios2-elf/5.3.0\libgcc.a(_clzsi2.o)
 .data          0x0000000000812464        0x0 ../hello_lab2_bsp/\libhal_bsp.a(alt_close.o)
 .data          0x0000000000812464      0x1a8 ../hello_lab2_bsp/\libhal_bsp.a(alt_dev.o)
                0x0000000000812464                alt_dev_null
                0x000000000081248c                alt_fd_list
 .data          0x000000000081260c        0x0 ../hello_lab2_bsp/\libhal_bsp.a(alt_errno.o)
 .data          0x000000000081260c        0x0 ../hello_lab2_bsp/\libhal_bsp.a(alt_fstat.o)
 .data          0x000000000081260c        0x0 ../hello_lab2_bsp/\libhal_bsp.a(alt_irq_register.o)
 .data          0x000000000081260c        0x0 ../hello_lab2_bsp/\libhal_bsp.a(alt_irq_vars.o)
 .data          0x000000000081260c        0x0 ../hello_lab2_bsp/\libhal_bsp.a(alt_isatty.o)
 .data          0x000000000081260c        0x0 ../hello_lab2_bsp/\libhal_bsp.a(alt_load.o)
 .data          0x000000000081260c        0x0 ../hello_lab2_bsp/\libhal_bsp.a(alt_lseek.o)
 .data          0x000000000081260c        0x0 ../hello_lab2_bsp/\libhal_bsp.a(alt_main.o)
 .data          0x000000000081260c        0x0 ../hello_lab2_bsp/\libhal_bsp.a(alt_malloc_lock.o)
 .data          0x000000000081260c        0x0 ../hello_lab2_bsp/\libhal_bsp.a(alt_read.o)
 .data          0x000000000081260c        0x0 ../hello_lab2_bsp/\libhal_bsp.a(alt_release_fd.o)
 .data          0x000000000081260c        0x0 ../hello_lab2_bsp/\libhal_bsp.a(alt_sbrk.o)
 .data          0x000000000081260c        0x0 ../hello_lab2_bsp/\libhal_bsp.a(alt_write.o)
 .data          0x000000000081260c     0x1244 ../hello_lab2_bsp/\libhal_bsp.a(alt_sys_init.o)
 .data          0x0000000000813850        0x0 ../hello_lab2_bsp/\libhal_bsp.a(altera_avalon_jtag_uart_fd.o)
 .data          0x0000000000813850        0x0 ../hello_lab2_bsp/\libhal_bsp.a(altera_avalon_jtag_uart_init.o)
 .data          0x0000000000813850        0x0 ../hello_lab2_bsp/\libhal_bsp.a(altera_avalon_jtag_uart_ioctl.o)
 .data          0x0000000000813850        0x0 ../hello_lab2_bsp/\libhal_bsp.a(altera_avalon_jtag_uart_read.o)
 .data          0x0000000000813850        0x0 ../hello_lab2_bsp/\libhal_bsp.a(altera_avalon_jtag_uart_write.o)
 .data          0x0000000000813850        0x0 ../hello_lab2_bsp/\libhal_bsp.a(altera_avalon_lcd_16207.o)
 .data          0x0000000000813850        0x0 ../hello_lab2_bsp/\libhal_bsp.a(altera_avalon_lcd_16207_fd.o)
 .data          0x0000000000813850        0x0 ../hello_lab2_bsp/\libhal_bsp.a(altera_avalon_timer_sc.o)
 .data          0x0000000000813850        0x0 ../hello_lab2_bsp/\libhal_bsp.a(altera_avalon_uart_fd.o)
 .data          0x0000000000813850        0x0 ../hello_lab2_bsp/\libhal_bsp.a(altera_avalon_uart_init.o)
 .data          0x0000000000813850        0x0 ../hello_lab2_bsp/\libhal_bsp.a(altera_avalon_uart_read.o)
 .data          0x0000000000813850        0x0 ../hello_lab2_bsp/\libhal_bsp.a(altera_avalon_uart_write.o)
 .data          0x0000000000813850        0x0 ../hello_lab2_bsp/\libhal_bsp.a(alt_alarm_start.o)
 .data          0x0000000000813850        0x0 ../hello_lab2_bsp/\libhal_bsp.a(alt_dcache_flush_all.o)
 .data          0x0000000000813850        0x0 ../hello_lab2_bsp/\libhal_bsp.a(alt_dev_llist_insert.o)
 .data          0x0000000000813850        0x0 ../hello_lab2_bsp/\libhal_bsp.a(alt_do_ctors.o)
 .data          0x0000000000813850        0x0 ../hello_lab2_bsp/\libhal_bsp.a(alt_do_dtors.o)
 .data          0x0000000000813850        0x0 ../hello_lab2_bsp/\libhal_bsp.a(alt_icache_flush_all.o)
 .data          0x0000000000813850        0x0 ../hello_lab2_bsp/\libhal_bsp.a(alt_iic.o)
 .data          0x0000000000813850        0x0 ../hello_lab2_bsp/\libhal_bsp.a(alt_iic_isr_register.o)
 .data          0x0000000000813850        0x0 ../hello_lab2_bsp/\libhal_bsp.a(alt_io_redirect.o)
 .data          0x0000000000813850        0x0 ../hello_lab2_bsp/\libhal_bsp.a(alt_irq_entry.o)
 .data          0x0000000000813850        0x0 ../hello_lab2_bsp/\libhal_bsp.a(alt_irq_handler.o)
 .data          0x0000000000813850        0x0 ../hello_lab2_bsp/\libhal_bsp.a(alt_open.o)
 .data          0x0000000000813850        0x0 ../hello_lab2_bsp/\libhal_bsp.a(alt_tick.o)
 .data          0x0000000000813850        0x0 ../hello_lab2_bsp/\libhal_bsp.a(alt_usleep.o)
 .data          0x0000000000813850        0x0 ../hello_lab2_bsp/\libhal_bsp.a(altera_nios2_gen2_irq.o)
 .data          0x0000000000813850        0x0 ../hello_lab2_bsp/\libhal_bsp.a(alt_busy_sleep.o)
 .data          0x0000000000813850        0x0 ../hello_lab2_bsp/\libhal_bsp.a(alt_exception_entry.o)
 .data          0x0000000000813850        0x0 ../hello_lab2_bsp/\libhal_bsp.a(alt_find_dev.o)
 .data          0x0000000000813850        0x0 ../hello_lab2_bsp/\libhal_bsp.a(alt_find_file.o)
 .data          0x0000000000813850        0x0 ../hello_lab2_bsp/\libhal_bsp.a(alt_get_fd.o)
 .data          0x0000000000813850        0x0 ../hello_lab2_bsp/\libhal_bsp.a(alt_icache_flush.o)
 .data          0x0000000000813850        0x0 ../hello_lab2_bsp/\libhal_bsp.a(alt_instruction_exception_entry.o)
 .data          0x0000000000813850        0x0 c:/intelfpga/18.1/nios2eds/bin/gnu/h-x86_64-mingw32/bin/../lib/gcc/nios2-elf/5.3.0/../../../../../H-x86_64-mingw32/nios2-elf/lib\libc.a(lib_a-atexit.o)
 .data          0x0000000000813850        0x0 c:/intelfpga/18.1/nios2eds/bin/gnu/h-x86_64-mingw32/bin/../lib/gcc/nios2-elf/5.3.0/../../../../../H-x86_64-mingw32/nios2-elf/lib\libc.a(lib_a-ctype_.o)
 .data          0x0000000000813850        0x0 c:/intelfpga/18.1/nios2eds/bin/gnu/h-x86_64-mingw32/bin/../lib/gcc/nios2-elf/5.3.0/../../../../../H-x86_64-mingw32/nios2-elf/lib\libc.a(lib_a-exit.o)
 .data          0x0000000000813850        0x0 c:/intelfpga/18.1/nios2eds/bin/gnu/h-x86_64-mingw32/bin/../lib/gcc/nios2-elf/5.3.0/../../../../../H-x86_64-mingw32/nios2-elf/lib\libc.a(lib_a-memcmp.o)
 .data          0x0000000000813850        0x0 c:/intelfpga/18.1/nios2eds/bin/gnu/h-x86_64-mingw32/bin/../lib/gcc/nios2-elf/5.3.0/../../../../../H-x86_64-mingw32/nios2-elf/lib\libc.a(lib_a-__atexit.o)
 .data          0x0000000000813850        0x0 c:/intelfpga/18.1/nios2eds/bin/gnu/h-x86_64-mingw32/bin/../lib/gcc/nios2-elf/5.3.0/../../../../../H-x86_64-mingw32/nios2-elf/lib\libc.a(lib_a-__call_atexit.o)
 .data          0x0000000000813850        0x0 ../hello_lab2_bsp/\libhal_bsp.a(alt_exit.o)
                0x000000000081b850                _gp = ABSOLUTE ((. + 0x8000))
                [!provide]                        PROVIDE (gp, _gp)
 *(.rwdata .rwdata.*)
 *(.sdata .sdata.* .gnu.linkonce.s.*)
 .sdata._global_impure_ptr
                0x0000000000813850        0x4 c:/intelfpga/18.1/nios2eds/bin/gnu/h-x86_64-mingw32/bin/../lib/gcc/nios2-elf/5.3.0/../../../../../H-x86_64-mingw32/nios2-elf/lib\libc.a(lib_a-impure.o)
                0x0000000000813850                _global_impure_ptr
 .sdata._impure_ptr
                0x0000000000813854        0x4 c:/intelfpga/18.1/nios2eds/bin/gnu/h-x86_64-mingw32/bin/../lib/gcc/nios2-elf/5.3.0/../../../../../H-x86_64-mingw32/nios2-elf/lib\libc.a(lib_a-impure.o)
                0x0000000000813854                _impure_ptr
 .sdata.__mb_cur_max
                0x0000000000813858        0x4 c:/intelfpga/18.1/nios2eds/bin/gnu/h-x86_64-mingw32/bin/../lib/gcc/nios2-elf/5.3.0/../../../../../H-x86_64-mingw32/nios2-elf/lib\libc.a(lib_a-locale.o)
                0x0000000000813858                __mb_cur_max
 .sdata.__malloc_sbrk_base
                0x000000000081385c        0x4 c:/intelfpga/18.1/nios2eds/bin/gnu/h-x86_64-mingw32/bin/../lib/gcc/nios2-elf/5.3.0/../../../../../H-x86_64-mingw32/nios2-elf/lib\libc.a(lib_a-mallocr.o)
                0x000000000081385c                __malloc_sbrk_base
 .sdata.__malloc_trim_threshold
                0x0000000000813860        0x4 c:/intelfpga/18.1/nios2eds/bin/gnu/h-x86_64-mingw32/bin/../lib/gcc/nios2-elf/5.3.0/../../../../../H-x86_64-mingw32/nios2-elf/lib\libc.a(lib_a-mallocr.o)
                0x0000000000813860                __malloc_trim_threshold
 .sdata.__wctomb
                0x0000000000813864        0x4 c:/intelfpga/18.1/nios2eds/bin/gnu/h-x86_64-mingw32/bin/../lib/gcc/nios2-elf/5.3.0/../../../../../H-x86_64-mingw32/nios2-elf/lib\libc.a(lib_a-wctomb_r.o)
                0x0000000000813864                __wctomb
 .sdata         0x0000000000813868       0x14 ../hello_lab2_bsp/\libhal_bsp.a(alt_dev.o)
                0x0000000000813868                alt_fs_list
                0x0000000000813870                alt_dev_list
                0x0000000000813878                alt_max_fd
 .sdata         0x000000000081387c        0x4 ../hello_lab2_bsp/\libhal_bsp.a(alt_errno.o)
                0x000000000081387c                alt_errno
 .sdata         0x0000000000813880        0x4 ../hello_lab2_bsp/\libhal_bsp.a(alt_irq_vars.o)
                0x0000000000813880                alt_priority_mask
 .sdata         0x0000000000813884        0x4 ../hello_lab2_bsp/\libhal_bsp.a(alt_sbrk.o)
 .sdata         0x0000000000813888        0x4 ../hello_lab2_bsp/\libhal_bsp.a(altera_avalon_lcd_16207.o)
 .sdata         0x000000000081388c        0x8 ../hello_lab2_bsp/\libhal_bsp.a(alt_tick.o)
                0x000000000081388c                alt_alarm_list
 .sdata.__ctype_ptr__
                0x0000000000813894        0x4 c:/intelfpga/18.1/nios2eds/bin/gnu/h-x86_64-mingw32/bin/../lib/gcc/nios2-elf/5.3.0/../../../../../H-x86_64-mingw32/nios2-elf/lib\libc.a(lib_a-ctype_.o)
                0x0000000000813894                __ctype_ptr__
 *(.sdata2 .sdata2.* .gnu.linkonce.s2.*)
                0x0000000000813898                . = ALIGN (0x4)
                0x0000000000813898                _edata = ABSOLUTE (.)
                [!provide]                        PROVIDE (edata, ABSOLUTE (.))
                0x0000000000813898                PROVIDE (__ram_rwdata_end, ABSOLUTE (.))
                0x0000000000813898                PROVIDE (__flash_rwdata_start, LOADADDR (.rwdata))

.bss            0x0000000000815570      0x164
                0x0000000000815570                __bss_start = ABSOLUTE (.)
                [!provide]                        PROVIDE (__sbss_start, ABSOLUTE (.))
                [!provide]                        PROVIDE (___sbss_start, ABSOLUTE (.))
 *(.dynsbss)
 *(.sbss .sbss.* .gnu.linkonce.sb.*)
 .sbss          0x0000000000815570        0x1 obj/default/hello_world.o
                0x0000000000815570                c
 *fill*         0x0000000000815571        0x3 
 .sbss._PathLocale
                0x0000000000815574        0x4 c:/intelfpga/18.1/nios2eds/bin/gnu/h-x86_64-mingw32/bin/../lib/gcc/nios2-elf/5.3.0/../../../../../H-x86_64-mingw32/nios2-elf/lib\libc.a(lib_a-locale.o)
                0x0000000000815574                _PathLocale
 .sbss.__mlocale_changed
                0x0000000000815578        0x4 c:/intelfpga/18.1/nios2eds/bin/gnu/h-x86_64-mingw32/bin/../lib/gcc/nios2-elf/5.3.0/../../../../../H-x86_64-mingw32/nios2-elf/lib\libc.a(lib_a-locale.o)
                0x0000000000815578                __mlocale_changed
 .sbss.__nlocale_changed
                0x000000000081557c        0x4 c:/intelfpga/18.1/nios2eds/bin/gnu/h-x86_64-mingw32/bin/../lib/gcc/nios2-elf/5.3.0/../../../../../H-x86_64-mingw32/nios2-elf/lib\libc.a(lib_a-locale.o)
                0x000000000081557c                __nlocale_changed
 .sbss.__malloc_max_total_mem
                0x0000000000815580        0x4 c:/intelfpga/18.1/nios2eds/bin/gnu/h-x86_64-mingw32/bin/../lib/gcc/nios2-elf/5.3.0/../../../../../H-x86_64-mingw32/nios2-elf/lib\libc.a(lib_a-mallocr.o)
                0x0000000000815580                __malloc_max_total_mem
 .sbss.__malloc_max_sbrked_mem
                0x0000000000815584        0x4 c:/intelfpga/18.1/nios2eds/bin/gnu/h-x86_64-mingw32/bin/../lib/gcc/nios2-elf/5.3.0/../../../../../H-x86_64-mingw32/nios2-elf/lib\libc.a(lib_a-mallocr.o)
                0x0000000000815584                __malloc_max_sbrked_mem
 .sbss.__malloc_top_pad
                0x0000000000815588        0x4 c:/intelfpga/18.1/nios2eds/bin/gnu/h-x86_64-mingw32/bin/../lib/gcc/nios2-elf/5.3.0/../../../../../H-x86_64-mingw32/nios2-elf/lib\libc.a(lib_a-mallocr.o)
                0x0000000000815588                __malloc_top_pad
 .sbss          0x000000000081558c        0x4 c:/intelfpga/18.1/nios2eds/bin/gnu/h-x86_64-mingw32/bin/../lib/gcc/nios2-elf/5.3.0/../../../../../H-x86_64-mingw32/nios2-elf/lib\libc.a(lib_a-int_errno.o)
                0x000000000081558c                errno
 .sbss          0x0000000000815590        0x4 ../hello_lab2_bsp/\libhal_bsp.a(alt_irq_vars.o)
                0x0000000000815590                alt_irq_active
 .sbss          0x0000000000815594        0xc ../hello_lab2_bsp/\libhal_bsp.a(alt_main.o)
                0x0000000000815594                alt_argc
                0x0000000000815598                alt_argv
                0x000000000081559c                alt_envp
 .sbss          0x00000000008155a0        0x8 ../hello_lab2_bsp/\libhal_bsp.a(alt_tick.o)
                0x00000000008155a0                _alt_tick_rate
                0x00000000008155a4                _alt_nticks
 .sbss          0x00000000008155a8        0x4 ../hello_lab2_bsp/\libhal_bsp.a(alt_instruction_exception_entry.o)
                0x00000000008155a8                alt_instruction_exception_handler
 *(.sbss2 .sbss2.* .gnu.linkonce.sb2.*)
 *(.scommon)
                [!provide]                        PROVIDE (__sbss_end, ABSOLUTE (.))
                [!provide]                        PROVIDE (___sbss_end, ABSOLUTE (.))
 *(.dynbss)
 *(.bss .bss.* .gnu.linkonce.b.*)
 .bss           0x00000000008155ac        0x0 ../hello_lab2_bsp//obj/HAL/src/crt0.o
 .bss           0x00000000008155ac        0x0 obj/default/SCC_Charts.o
 .bss           0x00000000008155ac        0x0 obj/default/hello_world.o
 .bss           0x00000000008155ac        0x0 c:/intelfpga/18.1/nios2eds/bin/gnu/h-x86_64-mingw32/bin/../lib/gcc/nios2-elf/5.3.0/../../../../../H-x86_64-mingw32/nios2-elf/lib\libc.a(lib_a-printf.o)
 .bss           0x00000000008155ac        0x0 c:/intelfpga/18.1/nios2eds/bin/gnu/h-x86_64-mingw32/bin/../lib/gcc/nios2-elf/5.3.0/../../../../../H-x86_64-mingw32/nios2-elf/lib\libc.a(lib_a-vfprintf.o)
 .bss           0x00000000008155ac        0x0 c:/intelfpga/18.1/nios2eds/bin/gnu/h-x86_64-mingw32/bin/../lib/gcc/nios2-elf/5.3.0/../../../../../H-x86_64-mingw32/nios2-elf/lib\libc.a(lib_a-wsetup.o)
 .bss           0x00000000008155ac        0x0 c:/intelfpga/18.1/nios2eds/bin/gnu/h-x86_64-mingw32/bin/../lib/gcc/nios2-elf/5.3.0/../../../../../H-x86_64-mingw32/nios2-elf/lib\libc.a(lib_a-dtoa.o)
 .bss           0x00000000008155ac        0x0 c:/intelfpga/18.1/nios2eds/bin/gnu/h-x86_64-mingw32/bin/../lib/gcc/nios2-elf/5.3.0/../../../../../H-x86_64-mingw32/nios2-elf/lib\libc.a(lib_a-fflush.o)
 .bss           0x00000000008155ac        0x0 c:/intelfpga/18.1/nios2eds/bin/gnu/h-x86_64-mingw32/bin/../lib/gcc/nios2-elf/5.3.0/../../../../../H-x86_64-mingw32/nios2-elf/lib\libc.a(lib_a-findfp.o)
 .bss           0x00000000008155ac        0x0 c:/intelfpga/18.1/nios2eds/bin/gnu/h-x86_64-mingw32/bin/../lib/gcc/nios2-elf/5.3.0/../../../../../H-x86_64-mingw32/nios2-elf/lib\libc.a(lib_a-freer.o)
 .bss           0x00000000008155ac        0x0 c:/intelfpga/18.1/nios2eds/bin/gnu/h-x86_64-mingw32/bin/../lib/gcc/nios2-elf/5.3.0/../../../../../H-x86_64-mingw32/nios2-elf/lib\libc.a(lib_a-fwalk.o)
 .bss           0x00000000008155ac        0x0 c:/intelfpga/18.1/nios2eds/bin/gnu/h-x86_64-mingw32/bin/../lib/gcc/nios2-elf/5.3.0/../../../../../H-x86_64-mingw32/nios2-elf/lib\libc.a(lib_a-impure.o)
 .bss           0x00000000008155ac        0x0 c:/intelfpga/18.1/nios2eds/bin/gnu/h-x86_64-mingw32/bin/../lib/gcc/nios2-elf/5.3.0/../../../../../H-x86_64-mingw32/nios2-elf/lib\libc.a(lib_a-locale.o)
 .bss           0x00000000008155ac        0x0 c:/intelfpga/18.1/nios2eds/bin/gnu/h-x86_64-mingw32/bin/../lib/gcc/nios2-elf/5.3.0/../../../../../H-x86_64-mingw32/nios2-elf/lib\libc.a(lib_a-makebuf.o)
 .bss           0x00000000008155ac        0x0 c:/intelfpga/18.1/nios2eds/bin/gnu/h-x86_64-mingw32/bin/../lib/gcc/nios2-elf/5.3.0/../../../../../H-x86_64-mingw32/nios2-elf/lib\libc.a(lib_a-mallocr.o)
 .bss.__malloc_current_mallinfo
                0x00000000008155ac       0x28 c:/intelfpga/18.1/nios2eds/bin/gnu/h-x86_64-mingw32/bin/../lib/gcc/nios2-elf/5.3.0/../../../../../H-x86_64-mingw32/nios2-elf/lib\libc.a(lib_a-mallocr.o)
                0x00000000008155ac                __malloc_current_mallinfo
 .bss           0x00000000008155d4        0x0 c:/intelfpga/18.1/nios2eds/bin/gnu/h-x86_64-mingw32/bin/../lib/gcc/nios2-elf/5.3.0/../../../../../H-x86_64-mingw32/nios2-elf/lib\libc.a(lib_a-memchr.o)
 .bss           0x00000000008155d4        0x0 c:/intelfpga/18.1/nios2eds/bin/gnu/h-x86_64-mingw32/bin/../lib/gcc/nios2-elf/5.3.0/../../../../../H-x86_64-mingw32/nios2-elf/lib\libc.a(lib_a-memcpy.o)
 .bss           0x00000000008155d4        0x0 c:/intelfpga/18.1/nios2eds/bin/gnu/h-x86_64-mingw32/bin/../lib/gcc/nios2-elf/5.3.0/../../../../../H-x86_64-mingw32/nios2-elf/lib\libc.a(lib_a-memset.o)
 .bss           0x00000000008155d4        0x0 c:/intelfpga/18.1/nios2eds/bin/gnu/h-x86_64-mingw32/bin/../lib/gcc/nios2-elf/5.3.0/../../../../../H-x86_64-mingw32/nios2-elf/lib\libc.a(lib_a-mprec.o)
 .bss           0x00000000008155d4        0x0 c:/intelfpga/18.1/nios2eds/bin/gnu/h-x86_64-mingw32/bin/../lib/gcc/nios2-elf/5.3.0/../../../../../H-x86_64-mingw32/nios2-elf/lib\libc.a(lib_a-s_fpclassify.o)
 .bss           0x00000000008155d4        0x0 c:/intelfpga/18.1/nios2eds/bin/gnu/h-x86_64-mingw32/bin/../lib/gcc/nios2-elf/5.3.0/../../../../../H-x86_64-mingw32/nios2-elf/lib\libc.a(lib_a-sbrkr.o)
 .bss           0x00000000008155d4        0x0 c:/intelfpga/18.1/nios2eds/bin/gnu/h-x86_64-mingw32/bin/../lib/gcc/nios2-elf/5.3.0/../../../../../H-x86_64-mingw32/nios2-elf/lib\libc.a(lib_a-stdio.o)
 .bss           0x00000000008155d4        0x0 c:/intelfpga/18.1/nios2eds/bin/gnu/h-x86_64-mingw32/bin/../lib/gcc/nios2-elf/5.3.0/../../../../../H-x86_64-mingw32/nios2-elf/lib\libc.a(lib_a-strcmp.o)
 .bss           0x00000000008155d4        0x0 c:/intelfpga/18.1/nios2eds/bin/gnu/h-x86_64-mingw32/bin/../lib/gcc/nios2-elf/5.3.0/../../../../../H-x86_64-mingw32/nios2-elf/lib\libc.a(lib_a-strlen.o)
 .bss           0x00000000008155d4        0x0 c:/intelfpga/18.1/nios2eds/bin/gnu/h-x86_64-mingw32/bin/../lib/gcc/nios2-elf/5.3.0/../../../../../H-x86_64-mingw32/nios2-elf/lib\libc.a(lib_a-vfiprintf.o)
 .bss           0x00000000008155d4        0x0 c:/intelfpga/18.1/nios2eds/bin/gnu/h-x86_64-mingw32/bin/../lib/gcc/nios2-elf/5.3.0/../../../../../H-x86_64-mingw32/nios2-elf/lib\libc.a(lib_a-writer.o)
 .bss           0x00000000008155d4        0x0 c:/intelfpga/18.1/nios2eds/bin/gnu/h-x86_64-mingw32/bin/../lib/gcc/nios2-elf/5.3.0/../../../../../H-x86_64-mingw32/nios2-elf/lib\libc.a(closer.o)
 .bss           0x00000000008155d4        0x0 c:/intelfpga/18.1/nios2eds/bin/gnu/h-x86_64-mingw32/bin/../lib/gcc/nios2-elf/5.3.0/../../../../../H-x86_64-mingw32/nios2-elf/lib\libc.a(lib_a-callocr.o)
 .bss           0x00000000008155d4        0x0 c:/intelfpga/18.1/nios2eds/bin/gnu/h-x86_64-mingw32/bin/../lib/gcc/nios2-elf/5.3.0/../../../../../H-x86_64-mingw32/nios2-elf/lib\libc.a(lib_a-fclose.o)
 .bss           0x00000000008155d4        0x0 c:/intelfpga/18.1/nios2eds/bin/gnu/h-x86_64-mingw32/bin/../lib/gcc/nios2-elf/5.3.0/../../../../../H-x86_64-mingw32/nios2-elf/lib\libc.a(lib_a-fputwc.o)
 .bss           0x00000000008155d4        0x0 c:/intelfpga/18.1/nios2eds/bin/gnu/h-x86_64-mingw32/bin/../lib/gcc/nios2-elf/5.3.0/../../../../../H-x86_64-mingw32/nios2-elf/lib\libc.a(lib_a-fstatr.o)
 .bss           0x00000000008155d4        0x0 c:/intelfpga/18.1/nios2eds/bin/gnu/h-x86_64-mingw32/bin/../lib/gcc/nios2-elf/5.3.0/../../../../../H-x86_64-mingw32/nios2-elf/lib\libc.a(lib_a-fvwrite.o)
 .bss           0x00000000008155d4        0x0 c:/intelfpga/18.1/nios2eds/bin/gnu/h-x86_64-mingw32/bin/../lib/gcc/nios2-elf/5.3.0/../../../../../H-x86_64-mingw32/nios2-elf/lib\libc.a(lib_a-int_errno.o)
 .bss           0x00000000008155d4        0x0 c:/intelfpga/18.1/nios2eds/bin/gnu/h-x86_64-mingw32/bin/../lib/gcc/nios2-elf/5.3.0/../../../../../H-x86_64-mingw32/nios2-elf/lib\libc.a(lib_a-isattyr.o)
 .bss           0x00000000008155d4        0x0 c:/intelfpga/18.1/nios2eds/bin/gnu/h-x86_64-mingw32/bin/../lib/gcc/nios2-elf/5.3.0/../../../../../H-x86_64-mingw32/nios2-elf/lib\libc.a(lib_a-lseekr.o)
 .bss           0x00000000008155d4        0x0 c:/intelfpga/18.1/nios2eds/bin/gnu/h-x86_64-mingw32/bin/../lib/gcc/nios2-elf/5.3.0/../../../../../H-x86_64-mingw32/nios2-elf/lib\libc.a(lib_a-memmove.o)
 .bss           0x00000000008155d4        0x0 c:/intelfpga/18.1/nios2eds/bin/gnu/h-x86_64-mingw32/bin/../lib/gcc/nios2-elf/5.3.0/../../../../../H-x86_64-mingw32/nios2-elf/lib\libc.a(lib_a-readr.o)
 .bss           0x00000000008155d4        0x0 c:/intelfpga/18.1/nios2eds/bin/gnu/h-x86_64-mingw32/bin/../lib/gcc/nios2-elf/5.3.0/../../../../../H-x86_64-mingw32/nios2-elf/lib\libc.a(lib_a-reallocr.o)
 .bss           0x00000000008155d4        0x0 c:/intelfpga/18.1/nios2eds/bin/gnu/h-x86_64-mingw32/bin/../lib/gcc/nios2-elf/5.3.0/../../../../../H-x86_64-mingw32/nios2-elf/lib\libc.a(lib_a-wbuf.o)
 .bss           0x00000000008155d4        0x0 c:/intelfpga/18.1/nios2eds/bin/gnu/h-x86_64-mingw32/bin/../lib/gcc/nios2-elf/5.3.0/../../../../../H-x86_64-mingw32/nios2-elf/lib\libc.a(lib_a-wcrtomb.o)
 .bss           0x00000000008155d4        0x0 c:/intelfpga/18.1/nios2eds/bin/gnu/h-x86_64-mingw32/bin/../lib/gcc/nios2-elf/5.3.0/../../../../../H-x86_64-mingw32/nios2-elf/lib\libc.a(lib_a-wctomb_r.o)
 .bss           0x00000000008155d4        0x0 c:/intelfpga/18.1/nios2eds/bin/gnu/h-x86_64-mingw32/bin/../lib/gcc/nios2-elf/5.3.0\libgcc.a(_udivdi3.o)
 .bss           0x00000000008155d4        0x0 c:/intelfpga/18.1/nios2eds/bin/gnu/h-x86_64-mingw32/bin/../lib/gcc/nios2-elf/5.3.0\libgcc.a(_umoddi3.o)